// Jest Snapshot v1, https://goo.gl/fbAQLP

exports[`linodes/linode/settings/layouts/IndexPage should render without error 1`] = `
ShallowWrapper {
  "length": 1,
  Symbol(enzyme.__root__): [Circular],
  Symbol(enzyme.__unrendered__): <IndexPage
    dispatch={[Function]}
    linode={
        Object {
            "_backups": Object {
              "daily": Object {
                "availability": "daily",
                "configs": Array [
                  "Ubuntu Disk",
                ],
                "created": "2017-01-31T07:28:52",
                "disks": Array [
                  Object {
                    "filesystem": "ext4",
                    "label": "Ubuntu 15.10 Disk",
                    "size": 2330,
                  },
                  Object {
                    "filesystem": "swap",
                    "label": "512 MB Swap Image",
                    "size": 0,
                  },
                ],
                "finished": "2017-01-31T07:30:03",
                "id": 54782214,
                "label": null,
                "region": "us-east-1a",
                "status": "successful",
                "type": "auto",
                "updated": "2017-01-31T12:32:01",
              },
              "snapshot": Object {
                "current": Object {
                  "availability": "unavailable",
                  "configs": Array [
                    "Some config",
                  ],
                  "created": "2017-01-31T21:50:42",
                  "disks": Array [
                    Object {
                      "filesystem": "ext4",
                      "label": "Ubuntu 15.10 Disk",
                      "size": 2330,
                    },
                    Object {
                      "filesystem": "swap",
                      "label": "512 MB Swap Image",
                      "size": 0,
                    },
                  ],
                  "finished": "2017-01-31T21:51:51",
                  "id": 54782236,
                  "label": "the label",
                  "region": "us-east-1a",
                  "status": "successful",
                  "type": "snapshot",
                  "updated": "2017-01-31T21:51:51",
                },
                "in_progress": null,
              },
              "weekly": Array [
                Object {
                  "availability": "daily",
                  "configs": Array [
                    "aConfig",
                  ],
                  "created": "2017-01-31T07:28:52",
                  "disks": Array [
                    Object {
                      "filesystem": "ext4",
                      "label": "Ubuntu 15.10 Disk",
                      "size": 2330,
                    },
                    Object {
                      "filesystem": "swap",
                      "label": "512 MB Swap Image",
                      "size": 0,
                    },
                  ],
                  "finished": "2017-01-31T07:30:03",
                  "id": 54782216,
                  "label": null,
                  "region": "us-east-1a",
                  "status": "successful",
                  "type": "auto",
                  "updated": "2017-01-31T12:32:01",
                },
                Object {
                  "availability": "daily",
                  "configs": Array [
                    "My Ubuntu 15.10 Disk",
                  ],
                  "created": "2017-01-31T07:28:52",
                  "disks": Array [
                    Object {
                      "filesystem": "ext4",
                      "label": "Ubuntu 15.10 Disk",
                      "size": 2330,
                    },
                    Object {
                      "filesystem": "swap",
                      "label": "512 MB Swap Image",
                      "size": 0,
                    },
                  ],
                  "finished": "2017-01-31T07:30:03",
                  "id": 54782217,
                  "label": null,
                  "region": "us-east-1a",
                  "status": "successful",
                  "type": "auto",
                  "updated": "2017-01-31T12:32:01",
                },
              ],
            },
            "_configs": Object {
              "configs": Object {
                "12345": Object {
                  "comments": "Test comments",
                  "created": "2015-09-29 11:21:38 +0000",
                  "devices": Object {
                    "sda": Object {
                      "disk_id": 12345,
                    },
                    "sdb": Object {
                      "disk_id": 12346,
                    },
                    "sdc": null,
                    "sdd": null,
                    "sde": null,
                    "sdf": null,
                    "sdg": null,
                    "sdh": null,
                  },
                  "helpers": Object {
                    "devtmpfs_automount": false,
                    "distro": true,
                    "modules_dep": true,
                    "network": true,
                    "updatedb_disabled": true,
                  },
                  "id": 12345,
                  "initrd": "",
                  "kernel": "linode/latest_64",
                  "label": "Test config",
                  "memory_limit": 1024,
                  "root_device": "/dev/sda",
                  "run_level": "default",
                  "updated": "2015-09-29 11:21:38 +0000",
                  "virt_mode": "paravirt",
                },
              },
              "pagesFetched": Array [
                0,
              ],
              "totalPages": 1,
              "totalResults": 1,
            },
            "_disks": Object {
              "disks": Object {
                "12345": Object {
                  "created": "2016-08-09T19:47:11",
                  "filesystem": "ext4",
                  "id": 12345,
                  "label": "Arch Linux 2015.08 Disk",
                  "size": 6144,
                  "updated": "2016-08-09T19:47:11",
                },
                "12346": Object {
                  "created": "2016-08-09T19:47:11",
                  "filesystem": "swap",
                  "id": 12346,
                  "label": "Swap Disk",
                  "size": 6144,
                  "updated": "2016-08-09T19:47:11",
                },
              },
              "pagesFetched": Array [
                0,
              ],
              "totalPages": 1,
              "totalResults": 2,
            },
            "_ips": Object {
              "2600:3c03::f03c:91ff:fe0a:5": Object {
                "address": "2600:3c03::f03c:91ff:fe0a:5",
                "gateway": "fe80::1",
                "key": "2600:3c03::f03c:91ff:fe0a:5",
                "linode_id": 1235,
                "prefix": "64",
                "rdns": "li1-1.members.linode.com",
                "type": "slaac",
                "version": "ipv6",
              },
              "97.107.143.6": Object {
                "address": "97.107.143.6",
                "gateway": "97.107.143.0",
                "key": "97.107.143.6",
                "linode_id": 1235,
                "prefix": 24,
                "rdns": "li1-1.members.linode.com",
                "type": "public",
                "version": "ipv4",
              },
              "97.107.143.8": Object {
                "address": "97.107.143.8",
                "gateway": "97.107.143.0",
                "key": "97.107.143.8",
                "linode_id": 1235,
                "prefix": 17,
                "rdns": "li1-1.members.linode.com",
                "type": "private",
                "version": "ipv4",
              },
              "fe80::f03c:91ff:fe0a:181f": Object {
                "address": "fe80::f03c:91ff:fe0a:181f",
                "key": "fe80::f03c:91ff:fe0a:181f",
                "linode_id": 1235,
                "type": "link-local",
                "version": "ipv6",
              },
            },
            "_polling": false,
            "_shared": Array [],
            "_stats": Object {
              "cpu": Array [
                Array [
                  1490378700000,
                  1.67,
                ],
              ],
              "io": Object {
                "io": Array [
                  Array [
                    1490379000000,
                    0.91,
                  ],
                ],
                "swap": Array [
                  Array [
                    1490378100000,
                    0,
                  ],
                ],
              },
              "netv4": Object {
                "in": Array [
                  Array [
                    1490377800000,
                    0,
                  ],
                ],
                "out": Array [
                  Array [
                    1490377800000,
                    0,
                  ],
                ],
                "private_in": Array [
                  Array [
                    1490377800000,
                    0,
                  ],
                ],
                "private_out": Array [
                  Array [
                    1490377800000,
                    0,
                  ],
                ],
              },
              "netv6": Object {
                "in": Array [
                  Array [
                    1490377800000,
                    0,
                  ],
                ],
                "out": Array [
                  Array [
                    1490377800000,
                    0,
                  ],
                ],
                "private_in": Array [
                  Array [
                    1490377800000,
                    0,
                  ],
                ],
                "private_out": Array [
                  Array [
                    1490377800000,
                    0,
                  ],
                ],
              },
            },
            "_volumes": Object {
              "pagesFetched": Array [
                0,
              ],
              "totalPages": 1,
              "totalResults": 1,
              "volumes": Object {
                "38": Object {
                  "created": "2017-08-08T13:55:16",
                  "id": 38,
                  "label": "test",
                  "linode_id": null,
                  "region": "us-east-1a",
                  "size": 20,
                  "status": "active",
                  "updated": "2017-08-08T04:00:00",
                },
              },
            },
            "alerts": Object {
              "cpu": 90,
              "io": 5000,
              "network_in": 5,
              "network_out": 5,
              "tranfer_quota": 80,
            },
            "backups": Object {
              "enabled": false,
              "schedule": Object {
                "day": "Monday",
                "window": "W10",
              },
            },
            "created": "2016-07-06T16:50:27",
            "disk": 20480,
            "group": "",
            "hypervisor": "kvm",
            "id": 1235,
            "image": Object {
              "id": "linode/ubuntu15.10",
              "label": "Ubuntu 15.10",
              "vendor": "Ubuntu",
            },
            "ipv4": Array [
              "97.107.143.6",
              "97.107.143.7",
            ],
            "ipv6": "2600:3c03::f03c:91ff:fe0a:4",
            "label": "test-linode-1",
            "memory": 2048,
            "region": "us-east-1a",
            "status": "running",
            "type": Object {
              "_polling": false,
              "addons": Object {
                "backups": Object {
                  "price": Object {
                    "monthly": 2.5,
                  },
                },
              },
              "class": "standard",
              "disk": 24576,
              "id": "linode2048.5",
              "label": "Linode 2048",
              "memory": 2048,
              "network_out": 125,
              "price": Object {
                "hourly": 0.015,
                "monthly": 10,
              },
              "service_type": "linode",
              "transfer": 2000,
              "vcpus": 2,
            },
            "vcpus": 2,
          }
    }
>
    <div />
</IndexPage>,
  Symbol(enzyme.__renderer__): Object {
    "batchedUpdates": [Function],
    "getNode": [Function],
    "render": [Function],
    "simulateEvent": [Function],
    "unmount": [Function],
  },
  Symbol(enzyme.__node__): Object {
    "instance": null,
    "key": undefined,
    "nodeType": "function",
    "props": Object {
      "children": Array [
        <SideEffect(ChainedDocumentTitle)
          title="Settings"
/>,
        <div />,
      ],
      "className": "",
      "isSubTabs": true,
      "onClick": [Function],
      "pathname": "/",
      "tabs": Array [
        Object {
          "link": "/linodes/test-linode-1/settings/",
          "name": "Display",
        },
        Object {
          "link": "/linodes/test-linode-1/settings/alerts",
          "name": "Alerts",
        },
        Object {
          "link": "/linodes/test-linode-1/settings/advanced",
          "name": "Advanced",
        },
      ],
    },
    "ref": null,
    "rendered": Array [
      Object {
        "instance": null,
        "key": undefined,
        "nodeType": "class",
        "props": Object {
          "title": "Settings",
        },
        "ref": null,
        "rendered": null,
        "type": [Function],
      },
      Object {
        "instance": null,
        "key": undefined,
        "nodeType": "host",
        "props": Object {},
        "ref": null,
        "rendered": null,
        "type": "div",
      },
    ],
    "type": [Function],
  },
  Symbol(enzyme.__nodes__): Array [
    Object {
      "instance": null,
      "key": undefined,
      "nodeType": "function",
      "props": Object {
        "children": Array [
          <SideEffect(ChainedDocumentTitle)
            title="Settings"
/>,
          <div />,
        ],
        "className": "",
        "isSubTabs": true,
        "onClick": [Function],
        "pathname": "/",
        "tabs": Array [
          Object {
            "link": "/linodes/test-linode-1/settings/",
            "name": "Display",
          },
          Object {
            "link": "/linodes/test-linode-1/settings/alerts",
            "name": "Alerts",
          },
          Object {
            "link": "/linodes/test-linode-1/settings/advanced",
            "name": "Advanced",
          },
        ],
      },
      "ref": null,
      "rendered": Array [
        Object {
          "instance": null,
          "key": undefined,
          "nodeType": "class",
          "props": Object {
            "title": "Settings",
          },
          "ref": null,
          "rendered": null,
          "type": [Function],
        },
        Object {
          "instance": null,
          "key": undefined,
          "nodeType": "host",
          "props": Object {},
          "ref": null,
          "rendered": null,
          "type": "div",
        },
      ],
      "type": [Function],
    },
  ],
  Symbol(enzyme.__options__): Object {
    "adapter": ReactFifteenAdapter {
      "options": Object {
        "supportPrevContextArgumentOfComponentDidUpdate": true,
      },
    },
  },
}
`;
