// Jest Snapshot v1, https://goo.gl/fbAQLP

exports[`components/Error should render without error 1`] = `
ShallowWrapper {
  "length": 1,
  Symbol(enzyme.__root__): [Circular],
  Symbol(enzyme.__unrendered__): <Error
    href="mailto:support@linode.com"
    status={404}
/>,
  Symbol(enzyme.__renderer__): Object {
    "batchedUpdates": [Function],
    "getNode": [Function],
    "render": [Function],
    "simulateEvent": [Function],
    "unmount": [Function],
  },
  Symbol(enzyme.__node__): Object {
    "instance": null,
    "key": undefined,
    "nodeType": "host",
    "props": Object {
      "children": Array [
        <h1>
          404
</h1>,
        <h2>
          Whoops!
</h2>,
        <div
          className="Error-body"
>
          The page you're trying to reach does not exist.
</div>,
      ],
      "className": "Error",
    },
    "ref": null,
    "rendered": Array [
      Object {
        "instance": null,
        "key": undefined,
        "nodeType": "host",
        "props": Object {
          "children": 404,
        },
        "ref": null,
        "rendered": 404,
        "type": "h1",
      },
      Object {
        "instance": null,
        "key": undefined,
        "nodeType": "host",
        "props": Object {
          "children": "Whoops!",
        },
        "ref": null,
        "rendered": "Whoops!",
        "type": "h2",
      },
      Object {
        "instance": null,
        "key": undefined,
        "nodeType": "host",
        "props": Object {
          "children": "The page you're trying to reach does not exist.",
          "className": "Error-body",
        },
        "ref": null,
        "rendered": "The page you're trying to reach does not exist.",
        "type": "div",
      },
    ],
    "type": "div",
  },
  Symbol(enzyme.__nodes__): Array [
    Object {
      "instance": null,
      "key": undefined,
      "nodeType": "host",
      "props": Object {
        "children": Array [
          <h1>
            404
</h1>,
          <h2>
            Whoops!
</h2>,
          <div
            className="Error-body"
>
            The page you're trying to reach does not exist.
</div>,
        ],
        "className": "Error",
      },
      "ref": null,
      "rendered": Array [
        Object {
          "instance": null,
          "key": undefined,
          "nodeType": "host",
          "props": Object {
            "children": 404,
          },
          "ref": null,
          "rendered": 404,
          "type": "h1",
        },
        Object {
          "instance": null,
          "key": undefined,
          "nodeType": "host",
          "props": Object {
            "children": "Whoops!",
          },
          "ref": null,
          "rendered": "Whoops!",
          "type": "h2",
        },
        Object {
          "instance": null,
          "key": undefined,
          "nodeType": "host",
          "props": Object {
            "children": "The page you're trying to reach does not exist.",
            "className": "Error-body",
          },
          "ref": null,
          "rendered": "The page you're trying to reach does not exist.",
          "type": "div",
        },
      ],
      "type": "div",
    },
  ],
  Symbol(enzyme.__options__): Object {
    "adapter": ReactFifteenAdapter {
      "options": Object {
        "supportPrevContextArgumentOfComponentDidUpdate": true,
      },
    },
  },
}
`;
