// Jest Snapshot v1, https://goo.gl/fbAQLP

exports[`components/TimeDisplay should render without error 1`] = `
ShallowWrapper {
  "length": 1,
  Symbol(enzyme.__root__): [Circular],
  Symbol(enzyme.__unrendered__): <TimeDisplay
    time="2017-03-30T16:48:10"
  />,
  Symbol(enzyme.__renderer__): Object {
    "batchedUpdates": [Function],
    "getNode": [Function],
    "render": [Function],
    "simulateEvent": [Function],
    "unmount": [Function],
  },
  Symbol(enzyme.__node__): Object {
    "instance": null,
    "key": undefined,
    "nodeType": "host",
    "props": Object {
      "children": "10 months ago",
      "title": "Mar 30 2017 4:48 PM UTC",
    },
    "ref": null,
    "rendered": "10 months ago",
    "type": "span",
  },
  Symbol(enzyme.__nodes__): Array [
    Object {
      "instance": null,
      "key": undefined,
      "nodeType": "host",
      "props": Object {
        "children": "10 months ago",
        "title": "Mar 30 2017 4:48 PM UTC",
      },
      "ref": null,
      "rendered": "10 months ago",
      "type": "span",
    },
  ],
  Symbol(enzyme.__options__): Object {
    "adapter": ReactSixteenAdapter {
      "options": Object {
        "enableComponentDidUpdateOnSetState": true,
      },
    },
  },
}
`;
