// Jest Snapshot v1, https://goo.gl/fbAQLP

exports[`components/lists/MassEditDropdown should render without error 1`] = `
ShallowWrapper {
  "length": 1,
  Symbol(enzyme.__root__): [Circular],
  Symbol(enzyme.__unrendered__): <MassEditDropdown
    checked={false}
    groups={
        Array [
            Object {
              "elements": Array [
                Object {
                  "action": [Function],
                  "name": "Test",
                },
              ],
            },
          ]
    }
    onChange={[Function]}
/>,
  Symbol(enzyme.__renderer__): Object {
    "batchedUpdates": [Function],
    "getNode": [Function],
    "render": [Function],
    "simulateEvent": [Function],
    "unmount": [Function],
  },
  Symbol(enzyme.__node__): Object {
    "instance": null,
    "key": undefined,
    "nodeType": "host",
    "props": Object {
      "children": Array [
        <span
          className="input-group-addon"
>
          <input
                    checked={false}
                    id="select-all"
                    name="select-all"
                    onChange={[Function]}
                    type="checkbox"
          />
</span>,
        <Dropdown
          analytics={Object {}}
          disabled={undefined}
          dropdownIcon="fa-caret-down"
          duplicateFirst={true}
          groups={
                    Array [
                              Object {
                                "elements": Array [
                                  Object {
                                    "action": [Function],
                                    "name": "Test",
                                  },
                                ],
                              },
                            ]
          }
          leftOriented={true}
/>,
      ],
      "className": "input-group",
    },
    "ref": null,
    "rendered": Array [
      Object {
        "instance": null,
        "key": undefined,
        "nodeType": "host",
        "props": Object {
          "children": <input
            checked={false}
            id="select-all"
            name="select-all"
            onChange={[Function]}
            type="checkbox"
/>,
          "className": "input-group-addon",
        },
        "ref": null,
        "rendered": Object {
          "instance": null,
          "key": undefined,
          "nodeType": "host",
          "props": Object {
            "checked": false,
            "id": "select-all",
            "name": "select-all",
            "onChange": [Function],
            "type": "checkbox",
          },
          "ref": [Function],
          "rendered": null,
          "type": "input",
        },
        "type": "span",
      },
      Object {
        "instance": null,
        "key": undefined,
        "nodeType": "class",
        "props": Object {
          "analytics": Object {},
          "disabled": undefined,
          "dropdownIcon": "fa-caret-down",
          "duplicateFirst": true,
          "groups": Array [
            Object {
              "elements": Array [
                Object {
                  "action": [Function],
                  "name": "Test",
                },
              ],
            },
          ],
          "leftOriented": true,
        },
        "ref": null,
        "rendered": null,
        "type": [Function],
      },
    ],
    "type": "div",
  },
  Symbol(enzyme.__nodes__): Array [
    Object {
      "instance": null,
      "key": undefined,
      "nodeType": "host",
      "props": Object {
        "children": Array [
          <span
            className="input-group-addon"
>
            <input
                        checked={false}
                        id="select-all"
                        name="select-all"
                        onChange={[Function]}
                        type="checkbox"
            />
</span>,
          <Dropdown
            analytics={Object {}}
            disabled={undefined}
            dropdownIcon="fa-caret-down"
            duplicateFirst={true}
            groups={
                        Array [
                                    Object {
                                      "elements": Array [
                                        Object {
                                          "action": [Function],
                                          "name": "Test",
                                        },
                                      ],
                                    },
                                  ]
            }
            leftOriented={true}
/>,
        ],
        "className": "input-group",
      },
      "ref": null,
      "rendered": Array [
        Object {
          "instance": null,
          "key": undefined,
          "nodeType": "host",
          "props": Object {
            "children": <input
              checked={false}
              id="select-all"
              name="select-all"
              onChange={[Function]}
              type="checkbox"
/>,
            "className": "input-group-addon",
          },
          "ref": null,
          "rendered": Object {
            "instance": null,
            "key": undefined,
            "nodeType": "host",
            "props": Object {
              "checked": false,
              "id": "select-all",
              "name": "select-all",
              "onChange": [Function],
              "type": "checkbox",
            },
            "ref": [Function],
            "rendered": null,
            "type": "input",
          },
          "type": "span",
        },
        Object {
          "instance": null,
          "key": undefined,
          "nodeType": "class",
          "props": Object {
            "analytics": Object {},
            "disabled": undefined,
            "dropdownIcon": "fa-caret-down",
            "duplicateFirst": true,
            "groups": Array [
              Object {
                "elements": Array [
                  Object {
                    "action": [Function],
                    "name": "Test",
                  },
                ],
              },
            ],
            "leftOriented": true,
          },
          "ref": null,
          "rendered": null,
          "type": [Function],
        },
      ],
      "type": "div",
    },
  ],
  Symbol(enzyme.__options__): Object {
    "adapter": ReactFifteenAdapter {
      "options": Object {
        "supportPrevContextArgumentOfComponentDidUpdate": true,
      },
    },
  },
}
`;
