// Jest Snapshot v1, https://goo.gl/fbAQLP

exports[`linodes/volumes/components/VolumesList should render without error 1`] = `
ShallowWrapper {
  "length": 1,
  Symbol(enzyme.__root__): [Circular],
  Symbol(enzyme.__unrendered__): <VolumesList
    dispatch={[MockFunction]}
    objectType="volumes"
    selectedMap={Object {}}
    volumes={
      Array [
        Object {
          "_polling": false,
          "created": "2017-08-08T13:55:16",
          "id": 38,
          "label": "test",
          "linode_id": null,
          "region": "us-east-1a",
          "size": 20,
          "status": "active",
          "updated": "2017-08-08T04:00:00",
        },
      ]
    }
  />,
  Symbol(enzyme.__renderer__): Object {
    "batchedUpdates": [Function],
    "getNode": [Function],
    "render": [Function],
    "simulateEvent": [Function],
    "unmount": [Function],
  },
  Symbol(enzyme.__node__): Object {
    "instance": null,
    "key": undefined,
    "nodeType": "function",
    "props": Object {
      "children": Array [
        <ListHeader
          className="Menu"
        >
          <div
            className="Menu-item"
          >
            <MassEditControl
              data={
                Array [
                  Object {
                    "_polling": false,
                    "created": "2017-08-08T13:55:16",
                    "id": 38,
                    "label": "test",
                    "linode_id": null,
                    "region": "us-east-1a",
                    "size": 20,
                    "status": "active",
                    "updated": "2017-08-08T04:00:00",
                  },
                ]
              }
              dispatch={[MockFunction]}
              massEditGroups={
                Array [
                  Object {
                    "elements": Array [
                      Object {
                        "action": [Function],
                        "name": "Delete",
                      },
                    ],
                  },
                ]
              }
              objectType="volumes"
              selectedKey="id"
              selectedMap={Object {}}
              toggleSelected={[Function]}
            />
          </div>
          <div
            className="Menu-item"
          >
            <Input
              className=""
              onChange={[Function]}
              placeholder="Filter..."
              value=""
            />
          </div>
        </ListHeader>,
        <ListBody>
          <Table
            className=""
            columns={
              Array [
                Object {
                  "cellComponent": [Function],
                  "headerClassName": "CheckboxColumn",
                },
                Object {
                  "cellComponent": [Function],
                  "dataKey": "label",
                  "headerClassName": "LabelColumn",
                  "label": "Label",
                  "titleKey": "label",
                  "tooltipEnabled": true,
                },
                Object {
                  "dataFn": [Function],
                  "label": "Size",
                },
                Object {
                  "cellComponent": [Function],
                  "headerClassName": "RegionColumn",
                  "label": "Region",
                },
                Object {
                  "cellComponent": [Function],
                  "className": "AttachedCell",
                  "label": "Attached",
                },
                Object {
                  "cellComponent": [Function],
                  "headerClassName": "ActionsColumn",
                },
              ]
            }
            data={
              Array [
                Object {
                  "_polling": false,
                  "created": "2017-08-08T13:55:16",
                  "id": 38,
                  "label": "test",
                  "linode_id": null,
                  "region": "us-east-1a",
                  "size": 20,
                  "status": "active",
                  "updated": "2017-08-08T04:00:00",
                },
              ]
            }
            disableHeader={true}
            noDataMessage="No Volumes found."
            onToggleSelect={[Function]}
            selectedMap={Object {}}
          />
        </ListBody>,
      ],
      "className": "",
    },
    "ref": null,
    "rendered": Array [
      Object {
        "instance": null,
        "key": undefined,
        "nodeType": "function",
        "props": Object {
          "children": Array [
            <div
              className="Menu-item"
            >
              <MassEditControl
                data={
                  Array [
                    Object {
                      "_polling": false,
                      "created": "2017-08-08T13:55:16",
                      "id": 38,
                      "label": "test",
                      "linode_id": null,
                      "region": "us-east-1a",
                      "size": 20,
                      "status": "active",
                      "updated": "2017-08-08T04:00:00",
                    },
                  ]
                }
                dispatch={[MockFunction]}
                massEditGroups={
                  Array [
                    Object {
                      "elements": Array [
                        Object {
                          "action": [Function],
                          "name": "Delete",
                        },
                      ],
                    },
                  ]
                }
                objectType="volumes"
                selectedKey="id"
                selectedMap={Object {}}
                toggleSelected={[Function]}
              />
            </div>,
            <div
              className="Menu-item"
            >
              <Input
                className=""
                onChange={[Function]}
                placeholder="Filter..."
                value=""
              />
            </div>,
          ],
          "className": "Menu",
        },
        "ref": null,
        "rendered": Array [
          Object {
            "instance": null,
            "key": undefined,
            "nodeType": "host",
            "props": Object {
              "children": <MassEditControl
                data={
                  Array [
                    Object {
                      "_polling": false,
                      "created": "2017-08-08T13:55:16",
                      "id": 38,
                      "label": "test",
                      "linode_id": null,
                      "region": "us-east-1a",
                      "size": 20,
                      "status": "active",
                      "updated": "2017-08-08T04:00:00",
                    },
                  ]
                }
                dispatch={[MockFunction]}
                massEditGroups={
                  Array [
                    Object {
                      "elements": Array [
                        Object {
                          "action": [Function],
                          "name": "Delete",
                        },
                      ],
                    },
                  ]
                }
                objectType="volumes"
                selectedKey="id"
                selectedMap={Object {}}
                toggleSelected={[Function]}
              />,
              "className": "Menu-item",
            },
            "ref": null,
            "rendered": Object {
              "instance": null,
              "key": undefined,
              "nodeType": "class",
              "props": Object {
                "data": Array [
                  Object {
                    "_polling": false,
                    "created": "2017-08-08T13:55:16",
                    "id": 38,
                    "label": "test",
                    "linode_id": null,
                    "region": "us-east-1a",
                    "size": 20,
                    "status": "active",
                    "updated": "2017-08-08T04:00:00",
                  },
                ],
                "dispatch": [MockFunction],
                "massEditGroups": Array [
                  Object {
                    "elements": Array [
                      Object {
                        "action": [Function],
                        "name": "Delete",
                      },
                    ],
                  },
                ],
                "objectType": "volumes",
                "selectedKey": "id",
                "selectedMap": Object {},
                "toggleSelected": [Function],
              },
              "ref": null,
              "rendered": null,
              "type": [Function],
            },
            "type": "div",
          },
          Object {
            "instance": null,
            "key": undefined,
            "nodeType": "host",
            "props": Object {
              "children": <Input
                className=""
                onChange={[Function]}
                placeholder="Filter..."
                value=""
              />,
              "className": "Menu-item",
            },
            "ref": null,
            "rendered": Object {
              "instance": null,
              "key": undefined,
              "nodeType": "function",
              "props": Object {
                "className": "",
                "onChange": [Function],
                "placeholder": "Filter...",
                "value": "",
              },
              "ref": null,
              "rendered": null,
              "type": [Function],
            },
            "type": "div",
          },
        ],
        "type": [Function],
      },
      Object {
        "instance": null,
        "key": undefined,
        "nodeType": "function",
        "props": Object {
          "children": <Table
            className=""
            columns={
              Array [
                Object {
                  "cellComponent": [Function],
                  "headerClassName": "CheckboxColumn",
                },
                Object {
                  "cellComponent": [Function],
                  "dataKey": "label",
                  "headerClassName": "LabelColumn",
                  "label": "Label",
                  "titleKey": "label",
                  "tooltipEnabled": true,
                },
                Object {
                  "dataFn": [Function],
                  "label": "Size",
                },
                Object {
                  "cellComponent": [Function],
                  "headerClassName": "RegionColumn",
                  "label": "Region",
                },
                Object {
                  "cellComponent": [Function],
                  "className": "AttachedCell",
                  "label": "Attached",
                },
                Object {
                  "cellComponent": [Function],
                  "headerClassName": "ActionsColumn",
                },
              ]
            }
            data={
              Array [
                Object {
                  "_polling": false,
                  "created": "2017-08-08T13:55:16",
                  "id": 38,
                  "label": "test",
                  "linode_id": null,
                  "region": "us-east-1a",
                  "size": 20,
                  "status": "active",
                  "updated": "2017-08-08T04:00:00",
                },
              ]
            }
            disableHeader={true}
            noDataMessage="No Volumes found."
            onToggleSelect={[Function]}
            selectedMap={Object {}}
          />,
        },
        "ref": null,
        "rendered": Object {
          "instance": null,
          "key": undefined,
          "nodeType": "function",
          "props": Object {
            "className": "",
            "columns": Array [
              Object {
                "cellComponent": [Function],
                "headerClassName": "CheckboxColumn",
              },
              Object {
                "cellComponent": [Function],
                "dataKey": "label",
                "headerClassName": "LabelColumn",
                "label": "Label",
                "titleKey": "label",
                "tooltipEnabled": true,
              },
              Object {
                "dataFn": [Function],
                "label": "Size",
              },
              Object {
                "cellComponent": [Function],
                "headerClassName": "RegionColumn",
                "label": "Region",
              },
              Object {
                "cellComponent": [Function],
                "className": "AttachedCell",
                "label": "Attached",
              },
              Object {
                "cellComponent": [Function],
                "headerClassName": "ActionsColumn",
              },
            ],
            "data": Array [
              Object {
                "_polling": false,
                "created": "2017-08-08T13:55:16",
                "id": 38,
                "label": "test",
                "linode_id": null,
                "region": "us-east-1a",
                "size": 20,
                "status": "active",
                "updated": "2017-08-08T04:00:00",
              },
            ],
            "disableHeader": true,
            "noDataMessage": "No Volumes found.",
            "onToggleSelect": [Function],
            "selectedMap": Object {},
          },
          "ref": null,
          "rendered": null,
          "type": [Function],
        },
        "type": [Function],
      },
    ],
    "type": [Function],
  },
  Symbol(enzyme.__nodes__): Array [
    Object {
      "instance": null,
      "key": undefined,
      "nodeType": "function",
      "props": Object {
        "children": Array [
          <ListHeader
            className="Menu"
          >
            <div
              className="Menu-item"
            >
              <MassEditControl
                data={
                  Array [
                    Object {
                      "_polling": false,
                      "created": "2017-08-08T13:55:16",
                      "id": 38,
                      "label": "test",
                      "linode_id": null,
                      "region": "us-east-1a",
                      "size": 20,
                      "status": "active",
                      "updated": "2017-08-08T04:00:00",
                    },
                  ]
                }
                dispatch={[MockFunction]}
                massEditGroups={
                  Array [
                    Object {
                      "elements": Array [
                        Object {
                          "action": [Function],
                          "name": "Delete",
                        },
                      ],
                    },
                  ]
                }
                objectType="volumes"
                selectedKey="id"
                selectedMap={Object {}}
                toggleSelected={[Function]}
              />
            </div>
            <div
              className="Menu-item"
            >
              <Input
                className=""
                onChange={[Function]}
                placeholder="Filter..."
                value=""
              />
            </div>
          </ListHeader>,
          <ListBody>
            <Table
              className=""
              columns={
                Array [
                  Object {
                    "cellComponent": [Function],
                    "headerClassName": "CheckboxColumn",
                  },
                  Object {
                    "cellComponent": [Function],
                    "dataKey": "label",
                    "headerClassName": "LabelColumn",
                    "label": "Label",
                    "titleKey": "label",
                    "tooltipEnabled": true,
                  },
                  Object {
                    "dataFn": [Function],
                    "label": "Size",
                  },
                  Object {
                    "cellComponent": [Function],
                    "headerClassName": "RegionColumn",
                    "label": "Region",
                  },
                  Object {
                    "cellComponent": [Function],
                    "className": "AttachedCell",
                    "label": "Attached",
                  },
                  Object {
                    "cellComponent": [Function],
                    "headerClassName": "ActionsColumn",
                  },
                ]
              }
              data={
                Array [
                  Object {
                    "_polling": false,
                    "created": "2017-08-08T13:55:16",
                    "id": 38,
                    "label": "test",
                    "linode_id": null,
                    "region": "us-east-1a",
                    "size": 20,
                    "status": "active",
                    "updated": "2017-08-08T04:00:00",
                  },
                ]
              }
              disableHeader={true}
              noDataMessage="No Volumes found."
              onToggleSelect={[Function]}
              selectedMap={Object {}}
            />
          </ListBody>,
        ],
        "className": "",
      },
      "ref": null,
      "rendered": Array [
        Object {
          "instance": null,
          "key": undefined,
          "nodeType": "function",
          "props": Object {
            "children": Array [
              <div
                className="Menu-item"
              >
                <MassEditControl
                  data={
                    Array [
                      Object {
                        "_polling": false,
                        "created": "2017-08-08T13:55:16",
                        "id": 38,
                        "label": "test",
                        "linode_id": null,
                        "region": "us-east-1a",
                        "size": 20,
                        "status": "active",
                        "updated": "2017-08-08T04:00:00",
                      },
                    ]
                  }
                  dispatch={[MockFunction]}
                  massEditGroups={
                    Array [
                      Object {
                        "elements": Array [
                          Object {
                            "action": [Function],
                            "name": "Delete",
                          },
                        ],
                      },
                    ]
                  }
                  objectType="volumes"
                  selectedKey="id"
                  selectedMap={Object {}}
                  toggleSelected={[Function]}
                />
              </div>,
              <div
                className="Menu-item"
              >
                <Input
                  className=""
                  onChange={[Function]}
                  placeholder="Filter..."
                  value=""
                />
              </div>,
            ],
            "className": "Menu",
          },
          "ref": null,
          "rendered": Array [
            Object {
              "instance": null,
              "key": undefined,
              "nodeType": "host",
              "props": Object {
                "children": <MassEditControl
                  data={
                    Array [
                      Object {
                        "_polling": false,
                        "created": "2017-08-08T13:55:16",
                        "id": 38,
                        "label": "test",
                        "linode_id": null,
                        "region": "us-east-1a",
                        "size": 20,
                        "status": "active",
                        "updated": "2017-08-08T04:00:00",
                      },
                    ]
                  }
                  dispatch={[MockFunction]}
                  massEditGroups={
                    Array [
                      Object {
                        "elements": Array [
                          Object {
                            "action": [Function],
                            "name": "Delete",
                          },
                        ],
                      },
                    ]
                  }
                  objectType="volumes"
                  selectedKey="id"
                  selectedMap={Object {}}
                  toggleSelected={[Function]}
                />,
                "className": "Menu-item",
              },
              "ref": null,
              "rendered": Object {
                "instance": null,
                "key": undefined,
                "nodeType": "class",
                "props": Object {
                  "data": Array [
                    Object {
                      "_polling": false,
                      "created": "2017-08-08T13:55:16",
                      "id": 38,
                      "label": "test",
                      "linode_id": null,
                      "region": "us-east-1a",
                      "size": 20,
                      "status": "active",
                      "updated": "2017-08-08T04:00:00",
                    },
                  ],
                  "dispatch": [MockFunction],
                  "massEditGroups": Array [
                    Object {
                      "elements": Array [
                        Object {
                          "action": [Function],
                          "name": "Delete",
                        },
                      ],
                    },
                  ],
                  "objectType": "volumes",
                  "selectedKey": "id",
                  "selectedMap": Object {},
                  "toggleSelected": [Function],
                },
                "ref": null,
                "rendered": null,
                "type": [Function],
              },
              "type": "div",
            },
            Object {
              "instance": null,
              "key": undefined,
              "nodeType": "host",
              "props": Object {
                "children": <Input
                  className=""
                  onChange={[Function]}
                  placeholder="Filter..."
                  value=""
                />,
                "className": "Menu-item",
              },
              "ref": null,
              "rendered": Object {
                "instance": null,
                "key": undefined,
                "nodeType": "function",
                "props": Object {
                  "className": "",
                  "onChange": [Function],
                  "placeholder": "Filter...",
                  "value": "",
                },
                "ref": null,
                "rendered": null,
                "type": [Function],
              },
              "type": "div",
            },
          ],
          "type": [Function],
        },
        Object {
          "instance": null,
          "key": undefined,
          "nodeType": "function",
          "props": Object {
            "children": <Table
              className=""
              columns={
                Array [
                  Object {
                    "cellComponent": [Function],
                    "headerClassName": "CheckboxColumn",
                  },
                  Object {
                    "cellComponent": [Function],
                    "dataKey": "label",
                    "headerClassName": "LabelColumn",
                    "label": "Label",
                    "titleKey": "label",
                    "tooltipEnabled": true,
                  },
                  Object {
                    "dataFn": [Function],
                    "label": "Size",
                  },
                  Object {
                    "cellComponent": [Function],
                    "headerClassName": "RegionColumn",
                    "label": "Region",
                  },
                  Object {
                    "cellComponent": [Function],
                    "className": "AttachedCell",
                    "label": "Attached",
                  },
                  Object {
                    "cellComponent": [Function],
                    "headerClassName": "ActionsColumn",
                  },
                ]
              }
              data={
                Array [
                  Object {
                    "_polling": false,
                    "created": "2017-08-08T13:55:16",
                    "id": 38,
                    "label": "test",
                    "linode_id": null,
                    "region": "us-east-1a",
                    "size": 20,
                    "status": "active",
                    "updated": "2017-08-08T04:00:00",
                  },
                ]
              }
              disableHeader={true}
              noDataMessage="No Volumes found."
              onToggleSelect={[Function]}
              selectedMap={Object {}}
            />,
          },
          "ref": null,
          "rendered": Object {
            "instance": null,
            "key": undefined,
            "nodeType": "function",
            "props": Object {
              "className": "",
              "columns": Array [
                Object {
                  "cellComponent": [Function],
                  "headerClassName": "CheckboxColumn",
                },
                Object {
                  "cellComponent": [Function],
                  "dataKey": "label",
                  "headerClassName": "LabelColumn",
                  "label": "Label",
                  "titleKey": "label",
                  "tooltipEnabled": true,
                },
                Object {
                  "dataFn": [Function],
                  "label": "Size",
                },
                Object {
                  "cellComponent": [Function],
                  "headerClassName": "RegionColumn",
                  "label": "Region",
                },
                Object {
                  "cellComponent": [Function],
                  "className": "AttachedCell",
                  "label": "Attached",
                },
                Object {
                  "cellComponent": [Function],
                  "headerClassName": "ActionsColumn",
                },
              ],
              "data": Array [
                Object {
                  "_polling": false,
                  "created": "2017-08-08T13:55:16",
                  "id": 38,
                  "label": "test",
                  "linode_id": null,
                  "region": "us-east-1a",
                  "size": 20,
                  "status": "active",
                  "updated": "2017-08-08T04:00:00",
                },
              ],
              "disableHeader": true,
              "noDataMessage": "No Volumes found.",
              "onToggleSelect": [Function],
              "selectedMap": Object {},
            },
            "ref": null,
            "rendered": null,
            "type": [Function],
          },
          "type": [Function],
        },
      ],
      "type": [Function],
    },
  ],
  Symbol(enzyme.__options__): Object {
    "adapter": ReactSixteenAdapter {
      "options": Object {
        "enableComponentDidUpdateOnSetState": true,
      },
    },
  },
}
`;
