// Jest Snapshot v1, https://goo.gl/fbAQLP

exports[`domains/components/EditCNAMERecord should render without error 1`] = `
ShallowWrapper {
  "length": 1,
  Symbol(enzyme.__root__): [Circular],
  Symbol(enzyme.__unrendered__): <EditCNAMERecord
    close={[Function]}
    dispatch={[Function]}
    id={2}
    title="EditCNAMERecord"
    zone={
        Object {
            "_polling": false,
            "_records": Object {
              "records": Object {
                "1": Object {
                  "id": 1,
                  "name": "sub1",
                  "port": 80,
                  "priority": 10,
                  "protocol": null,
                  "service": null,
                  "target": "4.4.4.4",
                  "ttl_sec": 0,
                  "type": "A",
                  "weight": 5,
                },
                "2": Object {
                  "id": 2,
                  "name": "sub2",
                  "port": 80,
                  "priority": 10,
                  "protocol": null,
                  "service": null,
                  "target": "sub1.example.com",
                  "ttl_sec": 0,
                  "type": "CNAME",
                  "weight": 5,
                },
                "3": Object {
                  "id": 3,
                  "name": "",
                  "port": 0,
                  "priority": 10,
                  "protocol": null,
                  "service": null,
                  "target": "mail1.example.com",
                  "ttl_sec": 0,
                  "type": "MX",
                  "weight": 0,
                },
                "4": Object {
                  "id": 4,
                  "name": "",
                  "port": 0,
                  "priority": 0,
                  "protocol": null,
                  "service": null,
                  "target": "ns5.linode.com",
                  "ttl_sec": 0,
                  "type": "NS",
                  "weight": 0,
                },
                "5": Object {
                  "id": 5,
                  "name": "key",
                  "port": 80,
                  "priority": 10,
                  "protocol": null,
                  "service": null,
                  "target": "value",
                  "ttl_sec": 0,
                  "type": "TXT",
                  "weight": 5,
                },
                "6": Object {
                  "id": 6,
                  "name": "_sip",
                  "port": 80,
                  "priority": 10,
                  "protocol": "_tcp",
                  "service": "_sip",
                  "target": "ns1.service.com",
                  "ttl_sec": 0,
                  "type": "SRV",
                  "weight": 5,
                },
                "7": Object {
                  "id": 7,
                  "name": "www.mywebsite.com",
                  "tag": "issue",
                  "target": "certsign.ro",
                  "ttl_sec": 0,
                  "type": "CAA",
                },
              },
            },
            "axfr_ips": Array [
              "44.55.66.77",
            ],
            "description": "Example Description",
            "domain": "example.com",
            "expire_sec": 604800,
            "group": "Example Display Group",
            "id": 1,
            "master_ips": Array [
              "127.0.0.1",
              "255.255.255.1",
              "123.123.123.7",
            ],
            "refresh_sec": 14400,
            "retry_sec": 3600,
            "soa_email": "admin@example.com",
            "status": "active",
            "ttl_sec": 3600,
            "type": "master",
          }
    }
/>,
  Symbol(enzyme.__renderer__): Object {
    "batchedUpdates": [Function],
    "getNode": [Function],
    "render": [Function],
    "simulateEvent": [Function],
    "unmount": [Function],
  },
  Symbol(enzyme.__node__): Object {
    "instance": null,
    "key": undefined,
    "nodeType": "class",
    "props": Object {
      "analytics": Object {
        "action": "edit",
        "title": "EditCNAMERecord",
      },
      "buttonDisabledText": "Saving",
      "buttonText": "Save",
      "children": <div>
        <ModalFormGroup
                apiKey="name"
                errors={Object {}}
                id="hostname"
                label="Hostname"
        >
                <Input
                        className=""
                        id="hostname"
                        name="hostname"
                        onChange={[Function]}
                        placeholder="www"
                        value="sub2"
                />
        </ModalFormGroup>
        <ModalFormGroup
                apiKey="target"
                errors={Object {}}
                id="alias"
                label="Aliases to"
        >
                <Input
                        className=""
                        id="alias"
                        name="alias"
                        onChange={[Function]}
                        placeholder="www.otherdomain.com"
                        value="sub1.example.com"
                />
        </ModalFormGroup>
        <ModalFormGroup
                apiKey="ttl_sec"
                errors={Object {}}
                id="ttl"
                label="TTL"
        >
                <SelectDNSSeconds
                        defaultSeconds={3600}
                        id="ttl"
                        name="ttl"
                        onChange={[Function]}
                        value={0}
                />
        </ModalFormGroup>
</div>,
      "errors": Object {},
      "noCancel": false,
      "noCancelEvent": false,
      "noSubmit": false,
      "onCancel": [Function],
      "onSubmit": [Function],
    },
    "ref": null,
    "rendered": Object {
      "instance": null,
      "key": undefined,
      "nodeType": "host",
      "props": Object {
        "children": Array [
          <ModalFormGroup
            apiKey="name"
            errors={Object {}}
            id="hostname"
            label="Hostname"
>
            <Input
                        className=""
                        id="hostname"
                        name="hostname"
                        onChange={[Function]}
                        placeholder="www"
                        value="sub2"
            />
</ModalFormGroup>,
          <ModalFormGroup
            apiKey="target"
            errors={Object {}}
            id="alias"
            label="Aliases to"
>
            <Input
                        className=""
                        id="alias"
                        name="alias"
                        onChange={[Function]}
                        placeholder="www.otherdomain.com"
                        value="sub1.example.com"
            />
</ModalFormGroup>,
          <ModalFormGroup
            apiKey="ttl_sec"
            errors={Object {}}
            id="ttl"
            label="TTL"
>
            <SelectDNSSeconds
                        defaultSeconds={3600}
                        id="ttl"
                        name="ttl"
                        onChange={[Function]}
                        value={0}
            />
</ModalFormGroup>,
        ],
      },
      "ref": null,
      "rendered": Array [
        Object {
          "instance": null,
          "key": undefined,
          "nodeType": "function",
          "props": Object {
            "apiKey": "name",
            "children": <Input
              className=""
              id="hostname"
              name="hostname"
              onChange={[Function]}
              placeholder="www"
              value="sub2"
/>,
            "errors": Object {},
            "id": "hostname",
            "label": "Hostname",
          },
          "ref": null,
          "rendered": Object {
            "instance": null,
            "key": undefined,
            "nodeType": "function",
            "props": Object {
              "className": "",
              "id": "hostname",
              "name": "hostname",
              "onChange": [Function],
              "placeholder": "www",
              "value": "sub2",
            },
            "ref": null,
            "rendered": null,
            "type": [Function],
          },
          "type": [Function],
        },
        Object {
          "instance": null,
          "key": undefined,
          "nodeType": "function",
          "props": Object {
            "apiKey": "target",
            "children": <Input
              className=""
              id="alias"
              name="alias"
              onChange={[Function]}
              placeholder="www.otherdomain.com"
              value="sub1.example.com"
/>,
            "errors": Object {},
            "id": "alias",
            "label": "Aliases to",
          },
          "ref": null,
          "rendered": Object {
            "instance": null,
            "key": undefined,
            "nodeType": "function",
            "props": Object {
              "className": "",
              "id": "alias",
              "name": "alias",
              "onChange": [Function],
              "placeholder": "www.otherdomain.com",
              "value": "sub1.example.com",
            },
            "ref": null,
            "rendered": null,
            "type": [Function],
          },
          "type": [Function],
        },
        Object {
          "instance": null,
          "key": undefined,
          "nodeType": "function",
          "props": Object {
            "apiKey": "ttl_sec",
            "children": <SelectDNSSeconds
              defaultSeconds={3600}
              id="ttl"
              name="ttl"
              onChange={[Function]}
              value={0}
/>,
            "errors": Object {},
            "id": "ttl",
            "label": "TTL",
          },
          "ref": null,
          "rendered": Object {
            "instance": null,
            "key": undefined,
            "nodeType": "function",
            "props": Object {
              "defaultSeconds": 3600,
              "id": "ttl",
              "name": "ttl",
              "onChange": [Function],
              "value": 0,
            },
            "ref": null,
            "rendered": null,
            "type": [Function],
          },
          "type": [Function],
        },
      ],
      "type": "div",
    },
    "type": [Function],
  },
  Symbol(enzyme.__nodes__): Array [
    Object {
      "instance": null,
      "key": undefined,
      "nodeType": "class",
      "props": Object {
        "analytics": Object {
          "action": "edit",
          "title": "EditCNAMERecord",
        },
        "buttonDisabledText": "Saving",
        "buttonText": "Save",
        "children": <div>
          <ModalFormGroup
                    apiKey="name"
                    errors={Object {}}
                    id="hostname"
                    label="Hostname"
          >
                    <Input
                              className=""
                              id="hostname"
                              name="hostname"
                              onChange={[Function]}
                              placeholder="www"
                              value="sub2"
                    />
          </ModalFormGroup>
          <ModalFormGroup
                    apiKey="target"
                    errors={Object {}}
                    id="alias"
                    label="Aliases to"
          >
                    <Input
                              className=""
                              id="alias"
                              name="alias"
                              onChange={[Function]}
                              placeholder="www.otherdomain.com"
                              value="sub1.example.com"
                    />
          </ModalFormGroup>
          <ModalFormGroup
                    apiKey="ttl_sec"
                    errors={Object {}}
                    id="ttl"
                    label="TTL"
          >
                    <SelectDNSSeconds
                              defaultSeconds={3600}
                              id="ttl"
                              name="ttl"
                              onChange={[Function]}
                              value={0}
                    />
          </ModalFormGroup>
</div>,
        "errors": Object {},
        "noCancel": false,
        "noCancelEvent": false,
        "noSubmit": false,
        "onCancel": [Function],
        "onSubmit": [Function],
      },
      "ref": null,
      "rendered": Object {
        "instance": null,
        "key": undefined,
        "nodeType": "host",
        "props": Object {
          "children": Array [
            <ModalFormGroup
              apiKey="name"
              errors={Object {}}
              id="hostname"
              label="Hostname"
>
              <Input
                            className=""
                            id="hostname"
                            name="hostname"
                            onChange={[Function]}
                            placeholder="www"
                            value="sub2"
              />
</ModalFormGroup>,
            <ModalFormGroup
              apiKey="target"
              errors={Object {}}
              id="alias"
              label="Aliases to"
>
              <Input
                            className=""
                            id="alias"
                            name="alias"
                            onChange={[Function]}
                            placeholder="www.otherdomain.com"
                            value="sub1.example.com"
              />
</ModalFormGroup>,
            <ModalFormGroup
              apiKey="ttl_sec"
              errors={Object {}}
              id="ttl"
              label="TTL"
>
              <SelectDNSSeconds
                            defaultSeconds={3600}
                            id="ttl"
                            name="ttl"
                            onChange={[Function]}
                            value={0}
              />
</ModalFormGroup>,
          ],
        },
        "ref": null,
        "rendered": Array [
          Object {
            "instance": null,
            "key": undefined,
            "nodeType": "function",
            "props": Object {
              "apiKey": "name",
              "children": <Input
                className=""
                id="hostname"
                name="hostname"
                onChange={[Function]}
                placeholder="www"
                value="sub2"
/>,
              "errors": Object {},
              "id": "hostname",
              "label": "Hostname",
            },
            "ref": null,
            "rendered": Object {
              "instance": null,
              "key": undefined,
              "nodeType": "function",
              "props": Object {
                "className": "",
                "id": "hostname",
                "name": "hostname",
                "onChange": [Function],
                "placeholder": "www",
                "value": "sub2",
              },
              "ref": null,
              "rendered": null,
              "type": [Function],
            },
            "type": [Function],
          },
          Object {
            "instance": null,
            "key": undefined,
            "nodeType": "function",
            "props": Object {
              "apiKey": "target",
              "children": <Input
                className=""
                id="alias"
                name="alias"
                onChange={[Function]}
                placeholder="www.otherdomain.com"
                value="sub1.example.com"
/>,
              "errors": Object {},
              "id": "alias",
              "label": "Aliases to",
            },
            "ref": null,
            "rendered": Object {
              "instance": null,
              "key": undefined,
              "nodeType": "function",
              "props": Object {
                "className": "",
                "id": "alias",
                "name": "alias",
                "onChange": [Function],
                "placeholder": "www.otherdomain.com",
                "value": "sub1.example.com",
              },
              "ref": null,
              "rendered": null,
              "type": [Function],
            },
            "type": [Function],
          },
          Object {
            "instance": null,
            "key": undefined,
            "nodeType": "function",
            "props": Object {
              "apiKey": "ttl_sec",
              "children": <SelectDNSSeconds
                defaultSeconds={3600}
                id="ttl"
                name="ttl"
                onChange={[Function]}
                value={0}
/>,
              "errors": Object {},
              "id": "ttl",
              "label": "TTL",
            },
            "ref": null,
            "rendered": Object {
              "instance": null,
              "key": undefined,
              "nodeType": "function",
              "props": Object {
                "defaultSeconds": 3600,
                "id": "ttl",
                "name": "ttl",
                "onChange": [Function],
                "value": 0,
              },
              "ref": null,
              "rendered": null,
              "type": [Function],
            },
            "type": [Function],
          },
        ],
        "type": "div",
      },
      "type": [Function],
    },
  ],
  Symbol(enzyme.__options__): Object {
    "adapter": ReactFifteenAdapter {
      "options": Object {
        "supportPrevContextArgumentOfComponentDidUpdate": true,
      },
    },
  },
}
`;
