// Jest Snapshot v1, https://goo.gl/fbAQLP

exports[`users/layouts/IndexPage should render without error 1`] = `
ShallowWrapper {
  "length": 1,
  Symbol(enzyme.__root__): [Circular],
  Symbol(enzyme.__unrendered__): <StaticRouter
    basename=""
    location="/"
  >
    <IndexPage
      dispatch={[Function]}
      profile={
        Object {
          "authorized_keys": Array [
            "foobar",
          ],
          "email": "user@example.com",
          "email_notifications": true,
          "ip_whitelist_enabled": false,
          "lish_auth_method": "password_keys",
          "referrals": Object {
            "code": "",
            "completed": 0,
            "credit": 0,
            "pending": 0,
            "total": 0,
            "url": null,
          },
          "restricted": false,
          "timezone": "US/Eastern",
          "two_factor_auth": true,
          "username": "theuser",
        }
      }
      selectedMap={Object {}}
      users={
        Object {
          "ids": Array [
            undefined,
            undefined,
          ],
          "pagesFetched": Array [
            1,
          ],
          "plural": "users",
          "singular": "user",
          "totalPages": 1,
          "totalResults": 2,
          "users": Array [
            Object {
              "_polling": false,
              "email": "example1@domain.com",
              "password": "crisprcas9",
              "restricted": false,
              "username": "testuser1",
            },
            Object {
              "_permissions": Object {
                "domain": Array [
                  Object {
                    "id": 3333,
                    "label": "domain1",
                    "permissions": "read_write",
                  },
                ],
                "global": Object {
                  "account_access": "read_only",
                  "add_domains": true,
                  "add_images": true,
                  "add_linodes": true,
                  "add_longview": true,
                  "add_nodebalancers": true,
                  "add_stackscripts": true,
                  "add_volumes": true,
                  "cancel_account": false,
                  "longview_subscription": true,
                },
                "image": Array [
                  Object {
                    "id": 6666,
                    "label": "image1",
                    "permissions": "read_only",
                  },
                  Object {
                    "id": 7777,
                    "label": "image2",
                    "permissions": "read_write",
                  },
                ],
                "linode": Array [
                  Object {
                    "id": 1111,
                    "label": "linode1",
                    "permissions": "read_write",
                  },
                ],
                "longview": Array [
                  Object {
                    "id": 5555,
                    "label": "longview1",
                    "permissions": "read_only",
                  },
                ],
                "nodebalancer": Array [
                  Object {
                    "id": 2222,
                    "label": "nb1",
                    "permissions": "read_only",
                  },
                ],
                "stackscript": Array [
                  Object {
                    "id": 4444,
                    "label": "stackscript1",
                    "permissions": null,
                  },
                ],
                "volume": Array [
                  Object {
                    "id": 8888,
                    "label": "volume1",
                    "permissions": null,
                  },
                ],
              },
              "_polling": false,
              "email": "example2@domain.com",
              "password": "crisprcas9",
              "restricted": true,
              "username": "testuser2",
            },
          ],
        }
      }
    />
  </StaticRouter>,
  Symbol(enzyme.__renderer__): Object {
    "batchedUpdates": [Function],
    "getNode": [Function],
    "render": [Function],
    "simulateEvent": [Function],
    "unmount": [Function],
  },
  Symbol(enzyme.__node__): Object {
    "instance": null,
    "key": undefined,
    "nodeType": "class",
    "props": Object {
      "children": <IndexPage
        dispatch={[Function]}
        profile={
          Object {
            "authorized_keys": Array [
              "foobar",
            ],
            "email": "user@example.com",
            "email_notifications": true,
            "ip_whitelist_enabled": false,
            "lish_auth_method": "password_keys",
            "referrals": Object {
              "code": "",
              "completed": 0,
              "credit": 0,
              "pending": 0,
              "total": 0,
              "url": null,
            },
            "restricted": false,
            "timezone": "US/Eastern",
            "two_factor_auth": true,
            "username": "theuser",
          }
        }
        selectedMap={Object {}}
        users={
          Object {
            "ids": Array [
              undefined,
              undefined,
            ],
            "pagesFetched": Array [
              1,
            ],
            "plural": "users",
            "singular": "user",
            "totalPages": 1,
            "totalResults": 2,
            "users": Array [
              Object {
                "_polling": false,
                "email": "example1@domain.com",
                "password": "crisprcas9",
                "restricted": false,
                "username": "testuser1",
              },
              Object {
                "_permissions": Object {
                  "domain": Array [
                    Object {
                      "id": 3333,
                      "label": "domain1",
                      "permissions": "read_write",
                    },
                  ],
                  "global": Object {
                    "account_access": "read_only",
                    "add_domains": true,
                    "add_images": true,
                    "add_linodes": true,
                    "add_longview": true,
                    "add_nodebalancers": true,
                    "add_stackscripts": true,
                    "add_volumes": true,
                    "cancel_account": false,
                    "longview_subscription": true,
                  },
                  "image": Array [
                    Object {
                      "id": 6666,
                      "label": "image1",
                      "permissions": "read_only",
                    },
                    Object {
                      "id": 7777,
                      "label": "image2",
                      "permissions": "read_write",
                    },
                  ],
                  "linode": Array [
                    Object {
                      "id": 1111,
                      "label": "linode1",
                      "permissions": "read_write",
                    },
                  ],
                  "longview": Array [
                    Object {
                      "id": 5555,
                      "label": "longview1",
                      "permissions": "read_only",
                    },
                  ],
                  "nodebalancer": Array [
                    Object {
                      "id": 2222,
                      "label": "nb1",
                      "permissions": "read_only",
                    },
                  ],
                  "stackscript": Array [
                    Object {
                      "id": 4444,
                      "label": "stackscript1",
                      "permissions": null,
                    },
                  ],
                  "volume": Array [
                    Object {
                      "id": 8888,
                      "label": "volume1",
                      "permissions": null,
                    },
                  ],
                },
                "_polling": false,
                "email": "example2@domain.com",
                "password": "crisprcas9",
                "restricted": true,
                "username": "testuser2",
              },
            ],
          }
        }
      />,
      "history": Object {
        "action": "POP",
        "block": [Function],
        "createHref": [Function],
        "go": [Function],
        "goBack": [Function],
        "goForward": [Function],
        "listen": [Function],
        "location": Object {
          "hash": "",
          "pathname": "/",
          "search": "",
        },
        "push": [Function],
        "replace": [Function],
      },
    },
    "ref": null,
    "rendered": Object {
      "instance": null,
      "key": undefined,
      "nodeType": "class",
      "props": Object {
        "dispatch": [Function],
        "profile": Object {
          "authorized_keys": Array [
            "foobar",
          ],
          "email": "user@example.com",
          "email_notifications": true,
          "ip_whitelist_enabled": false,
          "lish_auth_method": "password_keys",
          "referrals": Object {
            "code": "",
            "completed": 0,
            "credit": 0,
            "pending": 0,
            "total": 0,
            "url": null,
          },
          "restricted": false,
          "timezone": "US/Eastern",
          "two_factor_auth": true,
          "username": "theuser",
        },
        "selectedMap": Object {},
        "users": Object {
          "ids": Array [
            undefined,
            undefined,
          ],
          "pagesFetched": Array [
            1,
          ],
          "plural": "users",
          "singular": "user",
          "totalPages": 1,
          "totalResults": 2,
          "users": Array [
            Object {
              "_polling": false,
              "email": "example1@domain.com",
              "password": "crisprcas9",
              "restricted": false,
              "username": "testuser1",
            },
            Object {
              "_permissions": Object {
                "domain": Array [
                  Object {
                    "id": 3333,
                    "label": "domain1",
                    "permissions": "read_write",
                  },
                ],
                "global": Object {
                  "account_access": "read_only",
                  "add_domains": true,
                  "add_images": true,
                  "add_linodes": true,
                  "add_longview": true,
                  "add_nodebalancers": true,
                  "add_stackscripts": true,
                  "add_volumes": true,
                  "cancel_account": false,
                  "longview_subscription": true,
                },
                "image": Array [
                  Object {
                    "id": 6666,
                    "label": "image1",
                    "permissions": "read_only",
                  },
                  Object {
                    "id": 7777,
                    "label": "image2",
                    "permissions": "read_write",
                  },
                ],
                "linode": Array [
                  Object {
                    "id": 1111,
                    "label": "linode1",
                    "permissions": "read_write",
                  },
                ],
                "longview": Array [
                  Object {
                    "id": 5555,
                    "label": "longview1",
                    "permissions": "read_only",
                  },
                ],
                "nodebalancer": Array [
                  Object {
                    "id": 2222,
                    "label": "nb1",
                    "permissions": "read_only",
                  },
                ],
                "stackscript": Array [
                  Object {
                    "id": 4444,
                    "label": "stackscript1",
                    "permissions": null,
                  },
                ],
                "volume": Array [
                  Object {
                    "id": 8888,
                    "label": "volume1",
                    "permissions": null,
                  },
                ],
              },
              "_polling": false,
              "email": "example2@domain.com",
              "password": "crisprcas9",
              "restricted": true,
              "username": "testuser2",
            },
          ],
        },
      },
      "ref": null,
      "rendered": null,
      "type": [Function],
    },
    "type": [Function],
  },
  Symbol(enzyme.__nodes__): Array [
    Object {
      "instance": null,
      "key": undefined,
      "nodeType": "class",
      "props": Object {
        "children": <IndexPage
          dispatch={[Function]}
          profile={
            Object {
              "authorized_keys": Array [
                "foobar",
              ],
              "email": "user@example.com",
              "email_notifications": true,
              "ip_whitelist_enabled": false,
              "lish_auth_method": "password_keys",
              "referrals": Object {
                "code": "",
                "completed": 0,
                "credit": 0,
                "pending": 0,
                "total": 0,
                "url": null,
              },
              "restricted": false,
              "timezone": "US/Eastern",
              "two_factor_auth": true,
              "username": "theuser",
            }
          }
          selectedMap={Object {}}
          users={
            Object {
              "ids": Array [
                undefined,
                undefined,
              ],
              "pagesFetched": Array [
                1,
              ],
              "plural": "users",
              "singular": "user",
              "totalPages": 1,
              "totalResults": 2,
              "users": Array [
                Object {
                  "_polling": false,
                  "email": "example1@domain.com",
                  "password": "crisprcas9",
                  "restricted": false,
                  "username": "testuser1",
                },
                Object {
                  "_permissions": Object {
                    "domain": Array [
                      Object {
                        "id": 3333,
                        "label": "domain1",
                        "permissions": "read_write",
                      },
                    ],
                    "global": Object {
                      "account_access": "read_only",
                      "add_domains": true,
                      "add_images": true,
                      "add_linodes": true,
                      "add_longview": true,
                      "add_nodebalancers": true,
                      "add_stackscripts": true,
                      "add_volumes": true,
                      "cancel_account": false,
                      "longview_subscription": true,
                    },
                    "image": Array [
                      Object {
                        "id": 6666,
                        "label": "image1",
                        "permissions": "read_only",
                      },
                      Object {
                        "id": 7777,
                        "label": "image2",
                        "permissions": "read_write",
                      },
                    ],
                    "linode": Array [
                      Object {
                        "id": 1111,
                        "label": "linode1",
                        "permissions": "read_write",
                      },
                    ],
                    "longview": Array [
                      Object {
                        "id": 5555,
                        "label": "longview1",
                        "permissions": "read_only",
                      },
                    ],
                    "nodebalancer": Array [
                      Object {
                        "id": 2222,
                        "label": "nb1",
                        "permissions": "read_only",
                      },
                    ],
                    "stackscript": Array [
                      Object {
                        "id": 4444,
                        "label": "stackscript1",
                        "permissions": null,
                      },
                    ],
                    "volume": Array [
                      Object {
                        "id": 8888,
                        "label": "volume1",
                        "permissions": null,
                      },
                    ],
                  },
                  "_polling": false,
                  "email": "example2@domain.com",
                  "password": "crisprcas9",
                  "restricted": true,
                  "username": "testuser2",
                },
              ],
            }
          }
        />,
        "history": Object {
          "action": "POP",
          "block": [Function],
          "createHref": [Function],
          "go": [Function],
          "goBack": [Function],
          "goForward": [Function],
          "listen": [Function],
          "location": Object {
            "hash": "",
            "pathname": "/",
            "search": "",
          },
          "push": [Function],
          "replace": [Function],
        },
      },
      "ref": null,
      "rendered": Object {
        "instance": null,
        "key": undefined,
        "nodeType": "class",
        "props": Object {
          "dispatch": [Function],
          "profile": Object {
            "authorized_keys": Array [
              "foobar",
            ],
            "email": "user@example.com",
            "email_notifications": true,
            "ip_whitelist_enabled": false,
            "lish_auth_method": "password_keys",
            "referrals": Object {
              "code": "",
              "completed": 0,
              "credit": 0,
              "pending": 0,
              "total": 0,
              "url": null,
            },
            "restricted": false,
            "timezone": "US/Eastern",
            "two_factor_auth": true,
            "username": "theuser",
          },
          "selectedMap": Object {},
          "users": Object {
            "ids": Array [
              undefined,
              undefined,
            ],
            "pagesFetched": Array [
              1,
            ],
            "plural": "users",
            "singular": "user",
            "totalPages": 1,
            "totalResults": 2,
            "users": Array [
              Object {
                "_polling": false,
                "email": "example1@domain.com",
                "password": "crisprcas9",
                "restricted": false,
                "username": "testuser1",
              },
              Object {
                "_permissions": Object {
                  "domain": Array [
                    Object {
                      "id": 3333,
                      "label": "domain1",
                      "permissions": "read_write",
                    },
                  ],
                  "global": Object {
                    "account_access": "read_only",
                    "add_domains": true,
                    "add_images": true,
                    "add_linodes": true,
                    "add_longview": true,
                    "add_nodebalancers": true,
                    "add_stackscripts": true,
                    "add_volumes": true,
                    "cancel_account": false,
                    "longview_subscription": true,
                  },
                  "image": Array [
                    Object {
                      "id": 6666,
                      "label": "image1",
                      "permissions": "read_only",
                    },
                    Object {
                      "id": 7777,
                      "label": "image2",
                      "permissions": "read_write",
                    },
                  ],
                  "linode": Array [
                    Object {
                      "id": 1111,
                      "label": "linode1",
                      "permissions": "read_write",
                    },
                  ],
                  "longview": Array [
                    Object {
                      "id": 5555,
                      "label": "longview1",
                      "permissions": "read_only",
                    },
                  ],
                  "nodebalancer": Array [
                    Object {
                      "id": 2222,
                      "label": "nb1",
                      "permissions": "read_only",
                    },
                  ],
                  "stackscript": Array [
                    Object {
                      "id": 4444,
                      "label": "stackscript1",
                      "permissions": null,
                    },
                  ],
                  "volume": Array [
                    Object {
                      "id": 8888,
                      "label": "volume1",
                      "permissions": null,
                    },
                  ],
                },
                "_polling": false,
                "email": "example2@domain.com",
                "password": "crisprcas9",
                "restricted": true,
                "username": "testuser2",
              },
            ],
          },
        },
        "ref": null,
        "rendered": null,
        "type": [Function],
      },
      "type": [Function],
    },
  ],
  Symbol(enzyme.__options__): Object {
    "adapter": ReactFifteenAdapter {
      "options": Object {
        "supportPrevContextArgumentOfComponentDidUpdate": true,
      },
    },
  },
}
`;
