// Jest Snapshot v1, https://goo.gl/fbAQLP

exports[`support/layouts/IndexPage should render without error 1`] = `
ShallowWrapper {
  "length": 1,
  Symbol(enzyme.__root__): [Circular],
  Symbol(enzyme.__unrendered__): <StaticRouter
    basename=""
    location="/"
  >
    <IndexPage
      dispatch={[Function]}
      tickets={
        Object {
          "ids": Array [
            1,
          ],
          "pagesFetched": Array [
            1,
          ],
          "plural": "tickets",
          "singular": "ticket",
          "tickets": Object {
            "1": Object {
              "_replies": Object {
                "replies": Array [
                  Object {
                    "created": "2017-03-30T16:48:10",
                    "created_by": "support",
                    "description": "This is the first response.",
                    "id": 1,
                  },
                ],
              },
              "closed": null,
              "description": "Hullo!",
              "entity": Object {
                "label": "awkward-aimless-alpha-22",
                "type": "linode",
              },
              "id": 1,
              "opened": "2017-03-03T01:22:32",
              "opened_by": "tdude",
              "status": "closed",
              "summary": "This is my ticket!",
              "updated": "2017-03-03T01:22:32",
              "updated_by": "tdude",
            },
          },
          "totalPages": 1,
          "totalResults": 1,
        }
      }
    />
  </StaticRouter>,
  Symbol(enzyme.__renderer__): Object {
    "batchedUpdates": [Function],
    "getNode": [Function],
    "render": [Function],
    "simulateEvent": [Function],
    "unmount": [Function],
  },
  Symbol(enzyme.__node__): Object {
    "instance": null,
    "key": undefined,
    "nodeType": "class",
    "props": Object {
      "children": <IndexPage
        dispatch={[Function]}
        tickets={
          Object {
            "ids": Array [
              1,
            ],
            "pagesFetched": Array [
              1,
            ],
            "plural": "tickets",
            "singular": "ticket",
            "tickets": Object {
              "1": Object {
                "_replies": Object {
                  "replies": Array [
                    Object {
                      "created": "2017-03-30T16:48:10",
                      "created_by": "support",
                      "description": "This is the first response.",
                      "id": 1,
                    },
                  ],
                },
                "closed": null,
                "description": "Hullo!",
                "entity": Object {
                  "label": "awkward-aimless-alpha-22",
                  "type": "linode",
                },
                "id": 1,
                "opened": "2017-03-03T01:22:32",
                "opened_by": "tdude",
                "status": "closed",
                "summary": "This is my ticket!",
                "updated": "2017-03-03T01:22:32",
                "updated_by": "tdude",
              },
            },
            "totalPages": 1,
            "totalResults": 1,
          }
        }
      />,
      "history": Object {
        "action": "POP",
        "block": [Function],
        "createHref": [Function],
        "go": [Function],
        "goBack": [Function],
        "goForward": [Function],
        "listen": [Function],
        "location": Object {
          "hash": "",
          "pathname": "/",
          "search": "",
        },
        "push": [Function],
        "replace": [Function],
      },
    },
    "ref": null,
    "rendered": Object {
      "instance": null,
      "key": undefined,
      "nodeType": "class",
      "props": Object {
        "dispatch": [Function],
        "tickets": Object {
          "ids": Array [
            1,
          ],
          "pagesFetched": Array [
            1,
          ],
          "plural": "tickets",
          "singular": "ticket",
          "tickets": Object {
            "1": Object {
              "_replies": Object {
                "replies": Array [
                  Object {
                    "created": "2017-03-30T16:48:10",
                    "created_by": "support",
                    "description": "This is the first response.",
                    "id": 1,
                  },
                ],
              },
              "closed": null,
              "description": "Hullo!",
              "entity": Object {
                "label": "awkward-aimless-alpha-22",
                "type": "linode",
              },
              "id": 1,
              "opened": "2017-03-03T01:22:32",
              "opened_by": "tdude",
              "status": "closed",
              "summary": "This is my ticket!",
              "updated": "2017-03-03T01:22:32",
              "updated_by": "tdude",
            },
          },
          "totalPages": 1,
          "totalResults": 1,
        },
      },
      "ref": null,
      "rendered": null,
      "type": [Function],
    },
    "type": [Function],
  },
  Symbol(enzyme.__nodes__): Array [
    Object {
      "instance": null,
      "key": undefined,
      "nodeType": "class",
      "props": Object {
        "children": <IndexPage
          dispatch={[Function]}
          tickets={
            Object {
              "ids": Array [
                1,
              ],
              "pagesFetched": Array [
                1,
              ],
              "plural": "tickets",
              "singular": "ticket",
              "tickets": Object {
                "1": Object {
                  "_replies": Object {
                    "replies": Array [
                      Object {
                        "created": "2017-03-30T16:48:10",
                        "created_by": "support",
                        "description": "This is the first response.",
                        "id": 1,
                      },
                    ],
                  },
                  "closed": null,
                  "description": "Hullo!",
                  "entity": Object {
                    "label": "awkward-aimless-alpha-22",
                    "type": "linode",
                  },
                  "id": 1,
                  "opened": "2017-03-03T01:22:32",
                  "opened_by": "tdude",
                  "status": "closed",
                  "summary": "This is my ticket!",
                  "updated": "2017-03-03T01:22:32",
                  "updated_by": "tdude",
                },
              },
              "totalPages": 1,
              "totalResults": 1,
            }
          }
        />,
        "history": Object {
          "action": "POP",
          "block": [Function],
          "createHref": [Function],
          "go": [Function],
          "goBack": [Function],
          "goForward": [Function],
          "listen": [Function],
          "location": Object {
            "hash": "",
            "pathname": "/",
            "search": "",
          },
          "push": [Function],
          "replace": [Function],
        },
      },
      "ref": null,
      "rendered": Object {
        "instance": null,
        "key": undefined,
        "nodeType": "class",
        "props": Object {
          "dispatch": [Function],
          "tickets": Object {
            "ids": Array [
              1,
            ],
            "pagesFetched": Array [
              1,
            ],
            "plural": "tickets",
            "singular": "ticket",
            "tickets": Object {
              "1": Object {
                "_replies": Object {
                  "replies": Array [
                    Object {
                      "created": "2017-03-30T16:48:10",
                      "created_by": "support",
                      "description": "This is the first response.",
                      "id": 1,
                    },
                  ],
                },
                "closed": null,
                "description": "Hullo!",
                "entity": Object {
                  "label": "awkward-aimless-alpha-22",
                  "type": "linode",
                },
                "id": 1,
                "opened": "2017-03-03T01:22:32",
                "opened_by": "tdude",
                "status": "closed",
                "summary": "This is my ticket!",
                "updated": "2017-03-03T01:22:32",
                "updated_by": "tdude",
              },
            },
            "totalPages": 1,
            "totalResults": 1,
          },
        },
        "ref": null,
        "rendered": null,
        "type": [Function],
      },
      "type": [Function],
    },
  ],
  Symbol(enzyme.__options__): Object {
    "adapter": ReactFifteenAdapter {
      "options": Object {
        "supportPrevContextArgumentOfComponentDidUpdate": true,
      },
    },
  },
}
`;
