// Jest Snapshot v1, https://goo.gl/fbAQLP

exports[`linodes/linode/backups/layouts/SummaryPage should render without error 1`] = `
ShallowWrapper {
  "length": 1,
  Symbol(enzyme.__root__): [Circular],
  Symbol(enzyme.__unrendered__): <SummaryPage
    dispatch={[Function]}
    linode={
      Object {
        "_backups": Object {
          "daily": null,
          "snapshot": Object {
            "current": null,
            "in_progress": null,
          },
          "weekly": Array [],
        },
        "_configs": Object {
          "configs": Object {
            "12345": Object {
              "comments": "Test comments",
              "created": "2015-09-29 11:21:38 +0000",
              "devices": Object {
                "sda": Object {
                  "disk_id": 12345,
                },
                "sdb": Object {
                  "disk_id": 12346,
                },
                "sdc": null,
                "sdd": null,
                "sde": null,
                "sdf": null,
                "sdg": null,
                "sdh": null,
              },
              "helpers": Object {
                "devtmpfs_automount": false,
                "distro": true,
                "modules_dep": true,
                "network": true,
                "updatedb_disabled": true,
              },
              "id": 12345,
              "initrd": "",
              "kernel": "linode/latest_64",
              "label": "Test config",
              "memory_limit": 1024,
              "root_device": "/dev/sda",
              "run_level": "default",
              "updated": "2015-09-29 11:21:38 +0000",
              "virt_mode": "paravirt",
            },
          },
          "pagesFetched": Array [
            0,
          ],
          "totalPages": 1,
          "totalResults": 1,
        },
        "_disks": Object {
          "disks": Object {
            "12345": Object {
              "created": "2016-08-09T19:47:11",
              "filesystem": "ext4",
              "id": 12345,
              "label": "Arch Linux 2015.08 Disk",
              "size": 6144,
              "updated": "2016-08-09T19:47:11",
            },
            "12346": Object {
              "created": "2016-08-09T19:47:11",
              "filesystem": "swap",
              "id": 12346,
              "label": "Swap Disk",
              "size": 6144,
              "updated": "2016-08-09T19:47:11",
            },
          },
          "pagesFetched": Array [
            0,
          ],
          "totalPages": 1,
          "totalResults": 2,
        },
        "_ips": Object {
          "2600:3c03::f03c:91ff:fe0a:7": Object {
            "address": "2600:3c03::f03c:91ff:fe0a:7",
            "gateway": "fe80::1",
            "key": "2600:3c03::f03c:91ff:fe0a:7",
            "linode_id": 1236,
            "prefix": "64",
            "rdns": "li1-1.members.linode.com",
            "type": "slaac",
            "version": "ipv6",
          },
          "97.107.143.11": Object {
            "address": "97.107.143.11",
            "gateway": "97.107.143.0",
            "key": "97.107.143.11",
            "linode_id": 1236,
            "prefix": 17,
            "rdns": "li1-1.members.linode.com",
            "type": "private",
            "version": "ipv4",
          },
          "97.107.143.9": Object {
            "address": "97.107.143.9",
            "gateway": "97.107.143.0",
            "key": "97.107.143.9",
            "linode_id": 1236,
            "prefix": 24,
            "rdns": "li1-1.members.linode.com",
            "type": "public",
            "version": "ipv4",
          },
          "fe80::f03c:91ff:fe0a:181f": Object {
            "address": "fe80::f03c:91ff:fe0a:181f",
            "key": "fe80::f03c:91ff:fe0a:181f",
            "linode_id": 1236,
            "type": "link-local",
            "version": "ipv6",
          },
        },
        "_polling": false,
        "_shared": Array [],
        "_stats": Object {
          "cpu": Array [
            Array [
              1490378700000,
              1.67,
            ],
          ],
          "io": Object {
            "io": Array [
              Array [
                1490379000000,
                0.91,
              ],
            ],
            "swap": Array [
              Array [
                1490378100000,
                0,
              ],
            ],
          },
          "netv4": Object {
            "in": Array [
              Array [
                1490377800000,
                0,
              ],
            ],
            "out": Array [
              Array [
                1490377800000,
                0,
              ],
            ],
            "private_in": Array [
              Array [
                1490377800000,
                0,
              ],
            ],
            "private_out": Array [
              Array [
                1490377800000,
                0,
              ],
            ],
          },
          "netv6": Object {
            "in": Array [
              Array [
                1490377800000,
                0,
              ],
            ],
            "out": Array [
              Array [
                1490377800000,
                0,
              ],
            ],
            "private_in": Array [
              Array [
                1490377800000,
                0,
              ],
            ],
            "private_out": Array [
              Array [
                1490377800000,
                0,
              ],
            ],
          },
        },
        "_volumes": Object {
          "pagesFetched": Array [
            0,
          ],
          "totalPages": 1,
          "totalResults": 1,
          "volumes": Object {
            "38": Object {
              "created": "2017-08-08T13:55:16",
              "id": 38,
              "label": "test",
              "linode_id": null,
              "region": "us-east-1a",
              "size": 20,
              "status": "active",
              "updated": "2017-08-08T04:00:00",
            },
          },
        },
        "alerts": Object {
          "cpu": 90,
          "io": 5000,
          "network_in": 5,
          "network_out": 5,
          "tranfer_quota": 80,
        },
        "backups": Object {
          "enabled": false,
          "schedule": Object {
            "day": "Monday",
            "window": "W10",
          },
        },
        "created": "2016-07-06T16:48:27",
        "disk": 20480,
        "group": "Test Group",
        "hypervisor": "kvm",
        "id": 1236,
        "image": "linode/arch2016.05",
        "ipv4": Array [
          "97.107.143.9",
          "97.107.143.10",
        ],
        "ipv6": "2600:3c03::f03c:91ff:fe0a:6",
        "label": "test-linode-2",
        "memory": 2048,
        "region": "us-east-1a",
        "status": "offline",
        "type": "linode2048.5",
        "vcpus": 2,
      }
    }
  />,
  Symbol(enzyme.__renderer__): Object {
    "batchedUpdates": [Function],
    "getNode": [Function],
    "render": [Function],
    "simulateEvent": [Function],
    "unmount": [Function],
  },
  Symbol(enzyme.__node__): Object {
    "instance": null,
    "key": undefined,
    "nodeType": "function",
    "props": Object {
      "children": Array [
        null,
        <p>
          Select a backup to see details and restore to a Linode.
        </p>,
        <div
          className="Backup-container row"
        >
          <Unknown
            backup={null}
            title="Daily"
          />
          <Unknown
            backup={undefined}
            title="Weekly"
          />
          <Unknown
            backup={undefined}
            title="Biweekly"
          />
          <Unknown
            backup={undefined}
            title="Snapshot"
          />
        </div>,
      ],
      "className": "",
      "header": <CardHeader
        title="Restorable backups"
      />,
    },
    "ref": null,
    "rendered": Array [
      null,
      Object {
        "instance": null,
        "key": undefined,
        "nodeType": "host",
        "props": Object {
          "children": "Select a backup to see details and restore to a Linode.",
        },
        "ref": null,
        "rendered": "Select a backup to see details and restore to a Linode.",
        "type": "p",
      },
      Object {
        "instance": null,
        "key": undefined,
        "nodeType": "host",
        "props": Object {
          "children": Array [
            <Unknown
              backup={null}
              title="Daily"
            />,
            <Unknown
              backup={undefined}
              title="Weekly"
            />,
            <Unknown
              backup={undefined}
              title="Biweekly"
            />,
            <Unknown
              backup={undefined}
              title="Snapshot"
            />,
          ],
          "className": "Backup-container row",
        },
        "ref": null,
        "rendered": Array [
          Object {
            "instance": null,
            "key": undefined,
            "nodeType": "function",
            "props": Object {
              "backup": null,
              "title": "Daily",
            },
            "ref": null,
            "rendered": null,
            "type": [Function],
          },
          Object {
            "instance": null,
            "key": undefined,
            "nodeType": "function",
            "props": Object {
              "backup": undefined,
              "title": "Weekly",
            },
            "ref": null,
            "rendered": null,
            "type": [Function],
          },
          Object {
            "instance": null,
            "key": undefined,
            "nodeType": "function",
            "props": Object {
              "backup": undefined,
              "title": "Biweekly",
            },
            "ref": null,
            "rendered": null,
            "type": [Function],
          },
          Object {
            "instance": null,
            "key": undefined,
            "nodeType": "function",
            "props": Object {
              "backup": undefined,
              "title": "Snapshot",
            },
            "ref": null,
            "rendered": null,
            "type": [Function],
          },
        ],
        "type": "div",
      },
    ],
    "type": [Function],
  },
  Symbol(enzyme.__nodes__): Array [
    Object {
      "instance": null,
      "key": undefined,
      "nodeType": "function",
      "props": Object {
        "children": Array [
          null,
          <p>
            Select a backup to see details and restore to a Linode.
          </p>,
          <div
            className="Backup-container row"
          >
            <Unknown
              backup={null}
              title="Daily"
            />
            <Unknown
              backup={undefined}
              title="Weekly"
            />
            <Unknown
              backup={undefined}
              title="Biweekly"
            />
            <Unknown
              backup={undefined}
              title="Snapshot"
            />
          </div>,
        ],
        "className": "",
        "header": <CardHeader
          title="Restorable backups"
        />,
      },
      "ref": null,
      "rendered": Array [
        null,
        Object {
          "instance": null,
          "key": undefined,
          "nodeType": "host",
          "props": Object {
            "children": "Select a backup to see details and restore to a Linode.",
          },
          "ref": null,
          "rendered": "Select a backup to see details and restore to a Linode.",
          "type": "p",
        },
        Object {
          "instance": null,
          "key": undefined,
          "nodeType": "host",
          "props": Object {
            "children": Array [
              <Unknown
                backup={null}
                title="Daily"
              />,
              <Unknown
                backup={undefined}
                title="Weekly"
              />,
              <Unknown
                backup={undefined}
                title="Biweekly"
              />,
              <Unknown
                backup={undefined}
                title="Snapshot"
              />,
            ],
            "className": "Backup-container row",
          },
          "ref": null,
          "rendered": Array [
            Object {
              "instance": null,
              "key": undefined,
              "nodeType": "function",
              "props": Object {
                "backup": null,
                "title": "Daily",
              },
              "ref": null,
              "rendered": null,
              "type": [Function],
            },
            Object {
              "instance": null,
              "key": undefined,
              "nodeType": "function",
              "props": Object {
                "backup": undefined,
                "title": "Weekly",
              },
              "ref": null,
              "rendered": null,
              "type": [Function],
            },
            Object {
              "instance": null,
              "key": undefined,
              "nodeType": "function",
              "props": Object {
                "backup": undefined,
                "title": "Biweekly",
              },
              "ref": null,
              "rendered": null,
              "type": [Function],
            },
            Object {
              "instance": null,
              "key": undefined,
              "nodeType": "function",
              "props": Object {
                "backup": undefined,
                "title": "Snapshot",
              },
              "ref": null,
              "rendered": null,
              "type": [Function],
            },
          ],
          "type": "div",
        },
      ],
      "type": [Function],
    },
  ],
  Symbol(enzyme.__options__): Object {
    "adapter": ReactSixteenAdapter {
      "options": Object {
        "enableComponentDidUpdateOnSetState": true,
      },
    },
  },
}
`;
