// Jest Snapshot v1, https://goo.gl/fbAQLP

exports[`profile/components/CreateOrEditApplication should render without error 1`] = `
ShallowWrapper {
  "length": 1,
  Symbol(enzyme.__root__): [Circular],
  Symbol(enzyme.__unrendered__): <CreateOrEditApplication
    close={[Function]}
    dispatch={[Function]}
    title="CreateOrEditApplication"
/>,
  Symbol(enzyme.__renderer__): Object {
    "batchedUpdates": [Function],
    "getNode": [Function],
    "render": [Function],
    "simulateEvent": [Function],
    "unmount": [Function],
  },
  Symbol(enzyme.__node__): Object {
    "instance": null,
    "key": undefined,
    "nodeType": "class",
    "props": Object {
      "analytics": Object {
        "action": "add",
        "title": "CreateOrEditApplication",
      },
      "buttonDisabledText": "Saving",
      "buttonText": "Save",
      "children": <div>
        <ModalFormGroup
                apiKey="label"
                errors={Object {}}
                id="label"
                label="Label"
        >
                <Input
                        className=""
                        id="label"
                        name="label"
                        onChange={[Function]}
                        placeholder="My client"
                        value=""
                />
        </ModalFormGroup>
        <ModalFormGroup
                apiKey="redirect_uri"
                errors={Object {}}
                id="redirect"
                label="Redirect URI"
        >
                <Input
                        className=""
                        id="redirect"
                        name="redirect"
                        onChange={[Function]}
                        placeholder="http://localhost:3000/oauth/callback"
                        value=""
                />
        </ModalFormGroup>
        <ModalFormGroup
                apiKey="thumbnail"
                errors={Object {}}
                id="thumbnail"
                label="Thumbnail"
        >
                <Input
                        className=""
                        id="thumbnail"
                        name="thumbnail"
                        onChange={[Function]}
                        type="file"
                />
        </ModalFormGroup>
        <ModalFormGroup
                apiKey="public"
                errors={Object {}}
                id="public"
                label="Public"
        >
                <Input
                        checked={false}
                        className=""
                        disabled={undefined}
                        id="public_"
                        name="public_"
                        onChange={[Function]}
                        type="checkbox"
                />
        </ModalFormGroup>
</div>,
      "errors": Object {},
      "noCancel": false,
      "noCancelEvent": false,
      "noSubmit": false,
      "onCancel": [Function],
      "onSubmit": [Function],
    },
    "ref": null,
    "rendered": Object {
      "instance": null,
      "key": undefined,
      "nodeType": "host",
      "props": Object {
        "children": Array [
          <ModalFormGroup
            apiKey="label"
            errors={Object {}}
            id="label"
            label="Label"
>
            <Input
                        className=""
                        id="label"
                        name="label"
                        onChange={[Function]}
                        placeholder="My client"
                        value=""
            />
</ModalFormGroup>,
          <ModalFormGroup
            apiKey="redirect_uri"
            errors={Object {}}
            id="redirect"
            label="Redirect URI"
>
            <Input
                        className=""
                        id="redirect"
                        name="redirect"
                        onChange={[Function]}
                        placeholder="http://localhost:3000/oauth/callback"
                        value=""
            />
</ModalFormGroup>,
          <ModalFormGroup
            apiKey="thumbnail"
            errors={Object {}}
            id="thumbnail"
            label="Thumbnail"
>
            <Input
                        className=""
                        id="thumbnail"
                        name="thumbnail"
                        onChange={[Function]}
                        type="file"
            />
</ModalFormGroup>,
          <ModalFormGroup
            apiKey="public"
            errors={Object {}}
            id="public"
            label="Public"
>
            <Input
                        checked={false}
                        className=""
                        disabled={undefined}
                        id="public_"
                        name="public_"
                        onChange={[Function]}
                        type="checkbox"
            />
</ModalFormGroup>,
        ],
      },
      "ref": null,
      "rendered": Array [
        Object {
          "instance": null,
          "key": undefined,
          "nodeType": "function",
          "props": Object {
            "apiKey": "label",
            "children": <Input
              className=""
              id="label"
              name="label"
              onChange={[Function]}
              placeholder="My client"
              value=""
/>,
            "errors": Object {},
            "id": "label",
            "label": "Label",
          },
          "ref": null,
          "rendered": Object {
            "instance": null,
            "key": undefined,
            "nodeType": "function",
            "props": Object {
              "className": "",
              "id": "label",
              "name": "label",
              "onChange": [Function],
              "placeholder": "My client",
              "value": "",
            },
            "ref": null,
            "rendered": null,
            "type": [Function],
          },
          "type": [Function],
        },
        Object {
          "instance": null,
          "key": undefined,
          "nodeType": "function",
          "props": Object {
            "apiKey": "redirect_uri",
            "children": <Input
              className=""
              id="redirect"
              name="redirect"
              onChange={[Function]}
              placeholder="http://localhost:3000/oauth/callback"
              value=""
/>,
            "errors": Object {},
            "id": "redirect",
            "label": "Redirect URI",
          },
          "ref": null,
          "rendered": Object {
            "instance": null,
            "key": undefined,
            "nodeType": "function",
            "props": Object {
              "className": "",
              "id": "redirect",
              "name": "redirect",
              "onChange": [Function],
              "placeholder": "http://localhost:3000/oauth/callback",
              "value": "",
            },
            "ref": null,
            "rendered": null,
            "type": [Function],
          },
          "type": [Function],
        },
        Object {
          "instance": null,
          "key": undefined,
          "nodeType": "function",
          "props": Object {
            "apiKey": "thumbnail",
            "children": <Input
              className=""
              id="thumbnail"
              name="thumbnail"
              onChange={[Function]}
              type="file"
/>,
            "errors": Object {},
            "id": "thumbnail",
            "label": "Thumbnail",
          },
          "ref": null,
          "rendered": Object {
            "instance": null,
            "key": undefined,
            "nodeType": "function",
            "props": Object {
              "className": "",
              "id": "thumbnail",
              "name": "thumbnail",
              "onChange": [Function],
              "type": "file",
            },
            "ref": null,
            "rendered": null,
            "type": [Function],
          },
          "type": [Function],
        },
        Object {
          "instance": null,
          "key": undefined,
          "nodeType": "function",
          "props": Object {
            "apiKey": "public",
            "children": <Input
              checked={false}
              className=""
              disabled={undefined}
              id="public_"
              name="public_"
              onChange={[Function]}
              type="checkbox"
/>,
            "errors": Object {},
            "id": "public",
            "label": "Public",
          },
          "ref": null,
          "rendered": Object {
            "instance": null,
            "key": undefined,
            "nodeType": "function",
            "props": Object {
              "checked": false,
              "className": "",
              "disabled": undefined,
              "id": "public_",
              "name": "public_",
              "onChange": [Function],
              "type": "checkbox",
            },
            "ref": null,
            "rendered": null,
            "type": [Function],
          },
          "type": [Function],
        },
      ],
      "type": "div",
    },
    "type": [Function],
  },
  Symbol(enzyme.__nodes__): Array [
    Object {
      "instance": null,
      "key": undefined,
      "nodeType": "class",
      "props": Object {
        "analytics": Object {
          "action": "add",
          "title": "CreateOrEditApplication",
        },
        "buttonDisabledText": "Saving",
        "buttonText": "Save",
        "children": <div>
          <ModalFormGroup
                    apiKey="label"
                    errors={Object {}}
                    id="label"
                    label="Label"
          >
                    <Input
                              className=""
                              id="label"
                              name="label"
                              onChange={[Function]}
                              placeholder="My client"
                              value=""
                    />
          </ModalFormGroup>
          <ModalFormGroup
                    apiKey="redirect_uri"
                    errors={Object {}}
                    id="redirect"
                    label="Redirect URI"
          >
                    <Input
                              className=""
                              id="redirect"
                              name="redirect"
                              onChange={[Function]}
                              placeholder="http://localhost:3000/oauth/callback"
                              value=""
                    />
          </ModalFormGroup>
          <ModalFormGroup
                    apiKey="thumbnail"
                    errors={Object {}}
                    id="thumbnail"
                    label="Thumbnail"
          >
                    <Input
                              className=""
                              id="thumbnail"
                              name="thumbnail"
                              onChange={[Function]}
                              type="file"
                    />
          </ModalFormGroup>
          <ModalFormGroup
                    apiKey="public"
                    errors={Object {}}
                    id="public"
                    label="Public"
          >
                    <Input
                              checked={false}
                              className=""
                              disabled={undefined}
                              id="public_"
                              name="public_"
                              onChange={[Function]}
                              type="checkbox"
                    />
          </ModalFormGroup>
</div>,
        "errors": Object {},
        "noCancel": false,
        "noCancelEvent": false,
        "noSubmit": false,
        "onCancel": [Function],
        "onSubmit": [Function],
      },
      "ref": null,
      "rendered": Object {
        "instance": null,
        "key": undefined,
        "nodeType": "host",
        "props": Object {
          "children": Array [
            <ModalFormGroup
              apiKey="label"
              errors={Object {}}
              id="label"
              label="Label"
>
              <Input
                            className=""
                            id="label"
                            name="label"
                            onChange={[Function]}
                            placeholder="My client"
                            value=""
              />
</ModalFormGroup>,
            <ModalFormGroup
              apiKey="redirect_uri"
              errors={Object {}}
              id="redirect"
              label="Redirect URI"
>
              <Input
                            className=""
                            id="redirect"
                            name="redirect"
                            onChange={[Function]}
                            placeholder="http://localhost:3000/oauth/callback"
                            value=""
              />
</ModalFormGroup>,
            <ModalFormGroup
              apiKey="thumbnail"
              errors={Object {}}
              id="thumbnail"
              label="Thumbnail"
>
              <Input
                            className=""
                            id="thumbnail"
                            name="thumbnail"
                            onChange={[Function]}
                            type="file"
              />
</ModalFormGroup>,
            <ModalFormGroup
              apiKey="public"
              errors={Object {}}
              id="public"
              label="Public"
>
              <Input
                            checked={false}
                            className=""
                            disabled={undefined}
                            id="public_"
                            name="public_"
                            onChange={[Function]}
                            type="checkbox"
              />
</ModalFormGroup>,
          ],
        },
        "ref": null,
        "rendered": Array [
          Object {
            "instance": null,
            "key": undefined,
            "nodeType": "function",
            "props": Object {
              "apiKey": "label",
              "children": <Input
                className=""
                id="label"
                name="label"
                onChange={[Function]}
                placeholder="My client"
                value=""
/>,
              "errors": Object {},
              "id": "label",
              "label": "Label",
            },
            "ref": null,
            "rendered": Object {
              "instance": null,
              "key": undefined,
              "nodeType": "function",
              "props": Object {
                "className": "",
                "id": "label",
                "name": "label",
                "onChange": [Function],
                "placeholder": "My client",
                "value": "",
              },
              "ref": null,
              "rendered": null,
              "type": [Function],
            },
            "type": [Function],
          },
          Object {
            "instance": null,
            "key": undefined,
            "nodeType": "function",
            "props": Object {
              "apiKey": "redirect_uri",
              "children": <Input
                className=""
                id="redirect"
                name="redirect"
                onChange={[Function]}
                placeholder="http://localhost:3000/oauth/callback"
                value=""
/>,
              "errors": Object {},
              "id": "redirect",
              "label": "Redirect URI",
            },
            "ref": null,
            "rendered": Object {
              "instance": null,
              "key": undefined,
              "nodeType": "function",
              "props": Object {
                "className": "",
                "id": "redirect",
                "name": "redirect",
                "onChange": [Function],
                "placeholder": "http://localhost:3000/oauth/callback",
                "value": "",
              },
              "ref": null,
              "rendered": null,
              "type": [Function],
            },
            "type": [Function],
          },
          Object {
            "instance": null,
            "key": undefined,
            "nodeType": "function",
            "props": Object {
              "apiKey": "thumbnail",
              "children": <Input
                className=""
                id="thumbnail"
                name="thumbnail"
                onChange={[Function]}
                type="file"
/>,
              "errors": Object {},
              "id": "thumbnail",
              "label": "Thumbnail",
            },
            "ref": null,
            "rendered": Object {
              "instance": null,
              "key": undefined,
              "nodeType": "function",
              "props": Object {
                "className": "",
                "id": "thumbnail",
                "name": "thumbnail",
                "onChange": [Function],
                "type": "file",
              },
              "ref": null,
              "rendered": null,
              "type": [Function],
            },
            "type": [Function],
          },
          Object {
            "instance": null,
            "key": undefined,
            "nodeType": "function",
            "props": Object {
              "apiKey": "public",
              "children": <Input
                checked={false}
                className=""
                disabled={undefined}
                id="public_"
                name="public_"
                onChange={[Function]}
                type="checkbox"
/>,
              "errors": Object {},
              "id": "public",
              "label": "Public",
            },
            "ref": null,
            "rendered": Object {
              "instance": null,
              "key": undefined,
              "nodeType": "function",
              "props": Object {
                "checked": false,
                "className": "",
                "disabled": undefined,
                "id": "public_",
                "name": "public_",
                "onChange": [Function],
                "type": "checkbox",
              },
              "ref": null,
              "rendered": null,
              "type": [Function],
            },
            "type": [Function],
          },
        ],
        "type": "div",
      },
      "type": [Function],
    },
  ],
  Symbol(enzyme.__options__): Object {
    "adapter": ReactFifteenAdapter {
      "options": Object {
        "supportPrevContextArgumentOfComponentDidUpdate": true,
      },
    },
  },
}
`;
