// Jest Snapshot v1, https://goo.gl/fbAQLP

exports[`profile/components/EditPersonalAccessToken should render without error 1`] = `
ShallowWrapper {
  "length": 1,
  Symbol(enzyme.__root__): [Circular],
  Symbol(enzyme.__unrendered__): <EditPersonalAccessToken
    close={[Function]}
    dispatch={[MockFunction]}
    id={1}
    label="personal"
  />,
  Symbol(enzyme.__renderer__): Object {
    "batchedUpdates": [Function],
    "getNode": [Function],
    "render": [Function],
    "simulateEvent": [Function],
    "unmount": [Function],
  },
  Symbol(enzyme.__node__): Object {
    "instance": null,
    "key": undefined,
    "nodeType": "class",
    "props": Object {
      "analytics": Object {
        "title": "Edit Personal Access Token",
      },
      "buttonDisabledText": "Saving",
      "buttonText": "Save",
      "children": <ModalFormGroup
        apiKey="label"
        errors={Object {}}
        id="label"
        label="Label"
      >
        <Input
          className=""
          id="label"
          name="label"
          onChange={[Function]}
          placeholder="My token"
          value="personal"
        />
      </ModalFormGroup>,
      "errors": Object {},
      "noCancel": false,
      "noCancelEvent": false,
      "noSubmit": false,
      "onCancel": [Function],
      "onSubmit": [Function],
    },
    "ref": null,
    "rendered": Object {
      "instance": null,
      "key": undefined,
      "nodeType": "function",
      "props": Object {
        "apiKey": "label",
        "children": <Input
          className=""
          id="label"
          name="label"
          onChange={[Function]}
          placeholder="My token"
          value="personal"
        />,
        "errors": Object {},
        "id": "label",
        "label": "Label",
      },
      "ref": null,
      "rendered": Object {
        "instance": null,
        "key": undefined,
        "nodeType": "function",
        "props": Object {
          "className": "",
          "id": "label",
          "name": "label",
          "onChange": [Function],
          "placeholder": "My token",
          "value": "personal",
        },
        "ref": null,
        "rendered": null,
        "type": [Function],
      },
      "type": [Function],
    },
    "type": [Function],
  },
  Symbol(enzyme.__nodes__): Array [
    Object {
      "instance": null,
      "key": undefined,
      "nodeType": "class",
      "props": Object {
        "analytics": Object {
          "title": "Edit Personal Access Token",
        },
        "buttonDisabledText": "Saving",
        "buttonText": "Save",
        "children": <ModalFormGroup
          apiKey="label"
          errors={Object {}}
          id="label"
          label="Label"
        >
          <Input
            className=""
            id="label"
            name="label"
            onChange={[Function]}
            placeholder="My token"
            value="personal"
          />
        </ModalFormGroup>,
        "errors": Object {},
        "noCancel": false,
        "noCancelEvent": false,
        "noSubmit": false,
        "onCancel": [Function],
        "onSubmit": [Function],
      },
      "ref": null,
      "rendered": Object {
        "instance": null,
        "key": undefined,
        "nodeType": "function",
        "props": Object {
          "apiKey": "label",
          "children": <Input
            className=""
            id="label"
            name="label"
            onChange={[Function]}
            placeholder="My token"
            value="personal"
          />,
          "errors": Object {},
          "id": "label",
          "label": "Label",
        },
        "ref": null,
        "rendered": Object {
          "instance": null,
          "key": undefined,
          "nodeType": "function",
          "props": Object {
            "className": "",
            "id": "label",
            "name": "label",
            "onChange": [Function],
            "placeholder": "My token",
            "value": "personal",
          },
          "ref": null,
          "rendered": null,
          "type": [Function],
        },
        "type": [Function],
      },
      "type": [Function],
    },
  ],
  Symbol(enzyme.__options__): Object {
    "adapter": ReactSixteenAdapter {
      "options": Object {
        "enableComponentDidUpdateOnSetState": true,
      },
    },
  },
}
`;
