// Jest Snapshot v1, https://goo.gl/fbAQLP

exports[`components/lists/ListGroup should render without error 1`] = `
ShallowWrapper {
  "length": 1,
  Symbol(enzyme.__root__): [Circular],
  Symbol(enzyme.__unrendered__): <ListGroup
    name="Example"
/>,
  Symbol(enzyme.__renderer__): Object {
    "batchedUpdates": [Function],
    "getNode": [Function],
    "render": [Function],
    "simulateEvent": [Function],
    "unmount": [Function],
  },
  Symbol(enzyme.__node__): Object {
    "instance": null,
    "key": undefined,
    "nodeType": "host",
    "props": Object {
      "children": Array [
        <div
          className="ListGroup-label"
>
          Example
</div>,
        undefined,
      ],
      "className": "ListGroup",
    },
    "ref": null,
    "rendered": Array [
      Object {
        "instance": null,
        "key": undefined,
        "nodeType": "host",
        "props": Object {
          "children": "Example",
          "className": "ListGroup-label",
        },
        "ref": null,
        "rendered": "Example",
        "type": "div",
      },
      undefined,
    ],
    "type": "div",
  },
  Symbol(enzyme.__nodes__): Array [
    Object {
      "instance": null,
      "key": undefined,
      "nodeType": "host",
      "props": Object {
        "children": Array [
          <div
            className="ListGroup-label"
>
            Example
</div>,
          undefined,
        ],
        "className": "ListGroup",
      },
      "ref": null,
      "rendered": Array [
        Object {
          "instance": null,
          "key": undefined,
          "nodeType": "host",
          "props": Object {
            "children": "Example",
            "className": "ListGroup-label",
          },
          "ref": null,
          "rendered": "Example",
          "type": "div",
        },
        undefined,
      ],
      "type": "div",
    },
  ],
  Symbol(enzyme.__options__): Object {
    "adapter": ReactFifteenAdapter {
      "options": Object {
        "supportPrevContextArgumentOfComponentDidUpdate": true,
      },
    },
  },
}
`;
