// Jest Snapshot v1, https://goo.gl/fbAQLP

exports[`components/tables/cells/TableCell should render without error 1`] = `
ShallowWrapper {
  "length": 1,
  Symbol(enzyme.__root__): [Circular],
  Symbol(enzyme.__unrendered__): <TableCell
    className="example"
    column={Object {}}
    record={Object {}}
/>,
  Symbol(enzyme.__renderer__): Object {
    "batchedUpdates": [Function],
    "getNode": [Function],
    "render": [Function],
    "simulateEvent": [Function],
    "unmount": [Function],
  },
  Symbol(enzyme.__node__): Object {
    "instance": null,
    "key": undefined,
    "nodeType": "host",
    "props": Object {
      "children": <div
        className="TableCell-content"
/>,
      "className": "TableCell example ",
    },
    "ref": null,
    "rendered": Object {
      "instance": null,
      "key": undefined,
      "nodeType": "host",
      "props": Object {
        "children": undefined,
        "className": "TableCell-content",
      },
      "ref": null,
      "rendered": null,
      "type": "div",
    },
    "type": "td",
  },
  Symbol(enzyme.__nodes__): Array [
    Object {
      "instance": null,
      "key": undefined,
      "nodeType": "host",
      "props": Object {
        "children": <div
          className="TableCell-content"
/>,
        "className": "TableCell example ",
      },
      "ref": null,
      "rendered": Object {
        "instance": null,
        "key": undefined,
        "nodeType": "host",
        "props": Object {
          "children": undefined,
          "className": "TableCell-content",
        },
        "ref": null,
        "rendered": null,
        "type": "div",
      },
      "type": "td",
    },
  ],
  Symbol(enzyme.__options__): Object {
    "adapter": ReactFifteenAdapter {
      "options": Object {
        "supportPrevContextArgumentOfComponentDidUpdate": true,
      },
    },
  },
}
`;
